Archive member included to satisfy reference by file (symbol)

c:/st/stm32cubeide_1.5.0/stm32cubeide/plugins/com.st.stm32cube.ide.mcu.externaltools.gnu-tools-for-stm32.9-2020-q2-update.win32_1.5.0.202011040924/tools/bin/../lib/gcc/arm-none-eabi/9.3.1/../../../../arm-none-eabi/lib/thumb/v6-m/nofp\libc_nano.a(lib_a-errno.o)
                              Core/Src/syscalls.o (__errno)
c:/st/stm32cubeide_1.5.0/stm32cubeide/plugins/com.st.stm32cube.ide.mcu.externaltools.gnu-tools-for-stm32.9-2020-q2-update.win32_1.5.0.202011040924/tools/bin/../lib/gcc/arm-none-eabi/9.3.1/../../../../arm-none-eabi/lib/thumb/v6-m/nofp\libc_nano.a(lib_a-exit.o)
                              c:/st/stm32cubeide_1.5.0/stm32cubeide/plugins/com.st.stm32cube.ide.mcu.externaltools.gnu-tools-for-stm32.9-2020-q2-update.win32_1.5.0.202011040924/tools/bin/../lib/gcc/arm-none-eabi/9.3.1/../../../../arm-none-eabi/lib/thumb/v6-m/nofp/crt0.o (exit)
c:/st/stm32cubeide_1.5.0/stm32cubeide/plugins/com.st.stm32cube.ide.mcu.externaltools.gnu-tools-for-stm32.9-2020-q2-update.win32_1.5.0.202011040924/tools/bin/../lib/gcc/arm-none-eabi/9.3.1/../../../../arm-none-eabi/lib/thumb/v6-m/nofp\libc_nano.a(lib_a-impure.o)
                              c:/st/stm32cubeide_1.5.0/stm32cubeide/plugins/com.st.stm32cube.ide.mcu.externaltools.gnu-tools-for-stm32.9-2020-q2-update.win32_1.5.0.202011040924/tools/bin/../lib/gcc/arm-none-eabi/9.3.1/../../../../arm-none-eabi/lib/thumb/v6-m/nofp\libc_nano.a(lib_a-exit.o) (_global_impure_ptr)
c:/st/stm32cubeide_1.5.0/stm32cubeide/plugins/com.st.stm32cube.ide.mcu.externaltools.gnu-tools-for-stm32.9-2020-q2-update.win32_1.5.0.202011040924/tools/bin/../lib/gcc/arm-none-eabi/9.3.1/../../../../arm-none-eabi/lib/thumb/v6-m/nofp\libc_nano.a(lib_a-init.o)
                              c:/st/stm32cubeide_1.5.0/stm32cubeide/plugins/com.st.stm32cube.ide.mcu.externaltools.gnu-tools-for-stm32.9-2020-q2-update.win32_1.5.0.202011040924/tools/bin/../lib/gcc/arm-none-eabi/9.3.1/../../../../arm-none-eabi/lib/thumb/v6-m/nofp/crt0.o (__libc_init_array)
c:/st/stm32cubeide_1.5.0/stm32cubeide/plugins/com.st.stm32cube.ide.mcu.externaltools.gnu-tools-for-stm32.9-2020-q2-update.win32_1.5.0.202011040924/tools/bin/../lib/gcc/arm-none-eabi/9.3.1/../../../../arm-none-eabi/lib/thumb/v6-m/nofp\libc_nano.a(lib_a-memset.o)
                              c:/st/stm32cubeide_1.5.0/stm32cubeide/plugins/com.st.stm32cube.ide.mcu.externaltools.gnu-tools-for-stm32.9-2020-q2-update.win32_1.5.0.202011040924/tools/bin/../lib/gcc/arm-none-eabi/9.3.1/../../../../arm-none-eabi/lib/thumb/v6-m/nofp/crt0.o (memset)
c:/st/stm32cubeide_1.5.0/stm32cubeide/plugins/com.st.stm32cube.ide.mcu.externaltools.gnu-tools-for-stm32.9-2020-q2-update.win32_1.5.0.202011040924/tools/bin/../lib/gcc/arm-none-eabi/9.3.1/../../../../arm-none-eabi/lib/thumb/v6-m/nofp\libc_nano.a(lib_a-sprintf.o)
                              Core/Src/main.o (sprintf)
c:/st/stm32cubeide_1.5.0/stm32cubeide/plugins/com.st.stm32cube.ide.mcu.externaltools.gnu-tools-for-stm32.9-2020-q2-update.win32_1.5.0.202011040924/tools/bin/../lib/gcc/arm-none-eabi/9.3.1/../../../../arm-none-eabi/lib/thumb/v6-m/nofp\libc_nano.a(lib_a-strlen.o)
                              Core/Src/main.o (strlen)
c:/st/stm32cubeide_1.5.0/stm32cubeide/plugins/com.st.stm32cube.ide.mcu.externaltools.gnu-tools-for-stm32.9-2020-q2-update.win32_1.5.0.202011040924/tools/bin/../lib/gcc/arm-none-eabi/9.3.1/../../../../arm-none-eabi/lib/thumb/v6-m/nofp\libc_nano.a(lib_a-nano-svfprintf.o)
                              c:/st/stm32cubeide_1.5.0/stm32cubeide/plugins/com.st.stm32cube.ide.mcu.externaltools.gnu-tools-for-stm32.9-2020-q2-update.win32_1.5.0.202011040924/tools/bin/../lib/gcc/arm-none-eabi/9.3.1/../../../../arm-none-eabi/lib/thumb/v6-m/nofp\libc_nano.a(lib_a-sprintf.o) (_svfprintf_r)
c:/st/stm32cubeide_1.5.0/stm32cubeide/plugins/com.st.stm32cube.ide.mcu.externaltools.gnu-tools-for-stm32.9-2020-q2-update.win32_1.5.0.202011040924/tools/bin/../lib/gcc/arm-none-eabi/9.3.1/../../../../arm-none-eabi/lib/thumb/v6-m/nofp\libc_nano.a(lib_a-nano-vfprintf_i.o)
                              c:/st/stm32cubeide_1.5.0/stm32cubeide/plugins/com.st.stm32cube.ide.mcu.externaltools.gnu-tools-for-stm32.9-2020-q2-update.win32_1.5.0.202011040924/tools/bin/../lib/gcc/arm-none-eabi/9.3.1/../../../../arm-none-eabi/lib/thumb/v6-m/nofp\libc_nano.a(lib_a-nano-svfprintf.o) (_printf_i)
c:/st/stm32cubeide_1.5.0/stm32cubeide/plugins/com.st.stm32cube.ide.mcu.externaltools.gnu-tools-for-stm32.9-2020-q2-update.win32_1.5.0.202011040924/tools/bin/../lib/gcc/arm-none-eabi/9.3.1/../../../../arm-none-eabi/lib/thumb/v6-m/nofp\libc_nano.a(lib_a-memchr-stub.o)
                              c:/st/stm32cubeide_1.5.0/stm32cubeide/plugins/com.st.stm32cube.ide.mcu.externaltools.gnu-tools-for-stm32.9-2020-q2-update.win32_1.5.0.202011040924/tools/bin/../lib/gcc/arm-none-eabi/9.3.1/../../../../arm-none-eabi/lib/thumb/v6-m/nofp\libc_nano.a(lib_a-nano-svfprintf.o) (memchr)
[...]
Memory Configuration

Name             Origin             Length             Attributes
RAM              0x0000000020000000 0x0000000000008000 xrw
FLASH            0x0000000008000000 0x0000000000040000 xr
*default*        0x0000000000000000 0xffffffffffffffff

Linker script and memory map

LOAD c:/st/stm32cubeide_1.5.0/stm32cubeide/plugins/com.st.stm32cube.ide.mcu.externaltools.gnu-tools-for-stm32.9-2020-q2-update.win32_1.5.0.202011040924/tools/bin/../lib/gcc/arm-none-eabi/9.3.1/thumb/v6-m/nofp/crti.o
LOAD c:/st/stm32cubeide_1.5.0/stm32cubeide/plugins/com.st.stm32cube.ide.mcu.externaltools.gnu-tools-for-stm32.9-2020-q2-update.win32_1.5.0.202011040924/tools/bin/../lib/gcc/arm-none-eabi/9.3.1/thumb/v6-m/nofp/crtbegin.o
LOAD c:/st/stm32cubeide_1.5.0/stm32cubeide/plugins/com.st.stm32cube.ide.mcu.externaltools.gnu-tools-for-stm32.9-2020-q2-update.win32_1.5.0.202011040924/tools/bin/../lib/gcc/arm-none-eabi/9.3.1/../../../../arm-none-eabi/lib/thumb/v6-m/nofp/crt0.o
LOAD Core/Src/DS3231.o
LOAD Core/Src/bq25890.o
LOAD Core/Src/calc_country_ID.o
LOAD Core/Src/diskio.o
LOAD Core/Src/epd1in54.o
LOAD Core/Src/epdif.o
LOAD Core/Src/epdpaint.o
LOAD Core/Src/ff.o
LOAD Core/Src/ff_gen_drv.o
LOAD Core/Src/font12.o
LOAD Core/Src/font16.o
LOAD Core/Src/font20.o
LOAD Core/Src/font24.o
LOAD Core/Src/font8.o
LOAD Core/Src/imagedata.o
LOAD Core/Src/main.o
LOAD Core/Src/stm32f0xx_hal_msp.o
LOAD Core/Src/stm32f0xx_it.o
LOAD Core/Src/syscalls.o
LOAD Core/Src/sysmem.o
LOAD Core/Src/system_stm32f0xx.o
LOAD Core/Startup/startup_stm32f030cctx.o
LOAD Drivers/STM32F0xx_HAL_Driver/Src/stm32f0xx_hal.o
LOAD Drivers/STM32F0xx_HAL_Driver/Src/stm32f0xx_hal_cortex.o
LOAD Drivers/STM32F0xx_HAL_Driver/Src/stm32f0xx_hal_dma.o
LOAD Drivers/STM32F0xx_HAL_Driver/Src/stm32f0xx_hal_exti.o
LOAD Drivers/STM32F0xx_HAL_Driver/Src/stm32f0xx_hal_flash.o
LOAD Drivers/STM32F0xx_HAL_Driver/Src/stm32f0xx_hal_flash_ex.o
LOAD Drivers/STM32F0xx_HAL_Driver/Src/stm32f0xx_hal_gpio.o
LOAD Drivers/STM32F0xx_HAL_Driver/Src/stm32f0xx_hal_i2c.o
LOAD Drivers/STM32F0xx_HAL_Driver/Src/stm32f0xx_hal_i2c_ex.o
LOAD Drivers/STM32F0xx_HAL_Driver/Src/stm32f0xx_hal_iwdg.o
LOAD Drivers/STM32F0xx_HAL_Driver/Src/stm32f0xx_hal_pwr.o
LOAD Drivers/STM32F0xx_HAL_Driver/Src/stm32f0xx_hal_pwr_ex.o
LOAD Drivers/STM32F0xx_HAL_Driver/Src/stm32f0xx_hal_rcc.o
LOAD Drivers/STM32F0xx_HAL_Driver/Src/stm32f0xx_hal_rcc_ex.o
LOAD Drivers/STM32F0xx_HAL_Driver/Src/stm32f0xx_hal_spi.o
LOAD Drivers/STM32F0xx_HAL_Driver/Src/stm32f0xx_hal_spi_ex.o
LOAD Drivers/STM32F0xx_HAL_Driver/Src/stm32f0xx_hal_tim.o
LOAD Drivers/STM32F0xx_HAL_Driver/Src/stm32f0xx_hal_tim_ex.o
LOAD Drivers/STM32F0xx_HAL_Driver/Src/stm32f0xx_hal_uart.o
LOAD Drivers/STM32F0xx_HAL_Driver/Src/stm32f0xx_hal_uart_ex.o
START GROUP
LOAD c:/st/stm32cubeide_1.5.0/stm32cubeide/plugins/com.st.stm32cube.ide.mcu.externaltools.gnu-tools-for-stm32.9-2020-q2-update.win32_1.5.0.202011040924/tools/bin/../lib/gcc/arm-none-eabi/9.3.1/../../../../arm-none-eabi/lib/thumb/v6-m/nofp\libc_nano.a
LOAD c:/st/stm32cubeide_1.5.0/stm32cubeide/plugins/com.st.stm32cube.ide.mcu.externaltools.gnu-tools-for-stm32.9-2020-q2-update.win32_1.5.0.202011040924/tools/bin/../lib/gcc/arm-none-eabi/9.3.1/../../../../arm-none-eabi/lib/thumb/v6-m/nofp\libm.a
END GROUP
START GROUP
LOAD c:/st/stm32cubeide_1.5.0/stm32cubeide/plugins/com.st.stm32cube.ide.mcu.externaltools.gnu-tools-for-stm32.9-2020-q2-update.win32_1.5.0.202011040924/tools/bin/../lib/gcc/arm-none-eabi/9.3.1/thumb/v6-m/nofp\libgcc.a
LOAD c:/st/stm32cubeide_1.5.0/stm32cubeide/plugins/com.st.stm32cube.ide.mcu.externaltools.gnu-tools-for-stm32.9-2020-q2-update.win32_1.5.0.202011040924/tools/bin/../lib/gcc/arm-none-eabi/9.3.1/../../../../arm-none-eabi/lib/thumb/v6-m/nofp\libc_nano.a
END GROUP
START GROUP
LOAD c:/st/stm32cubeide_1.5.0/stm32cubeide/plugins/com.st.stm32cube.ide.mcu.externaltools.gnu-tools-for-stm32.9-2020-q2-update.win32_1.5.0.202011040924/tools/bin/../lib/gcc/arm-none-eabi/9.3.1/thumb/v6-m/nofp\libgcc.a
LOAD c:/st/stm32cubeide_1.5.0/stm32cubeide/plugins/com.st.stm32cube.ide.mcu.externaltools.gnu-tools-for-stm32.9-2020-q2-update.win32_1.5.0.202011040924/tools/bin/../lib/gcc/arm-none-eabi/9.3.1/../../../../arm-none-eabi/lib/thumb/v6-m/nofp\libc_nano.a
LOAD c:/st/stm32cubeide_1.5.0/stm32cubeide/plugins/com.st.stm32cube.ide.mcu.externaltools.gnu-tools-for-stm32.9-2020-q2-update.win32_1.5.0.202011040924/tools/bin/../lib/gcc/arm-none-eabi/9.3.1/../../../../arm-none-eabi/lib/thumb/v6-m/nofp\libnosys.a
END GROUP
START GROUP
LOAD c:/st/stm32cubeide_1.5.0/stm32cubeide/plugins/com.st.stm32cube.ide.mcu.externaltools.gnu-tools-for-stm32.9-2020-q2-update.win32_1.5.0.202011040924/tools/bin/../lib/gcc/arm-none-eabi/9.3.1/thumb/v6-m/nofp\libgcc.a
LOAD c:/st/stm32cubeide_1.5.0/stm32cubeide/plugins/com.st.stm32cube.ide.mcu.externaltools.gnu-tools-for-stm32.9-2020-q2-update.win32_1.5.0.202011040924/tools/bin/../lib/gcc/arm-none-eabi/9.3.1/../../../../arm-none-eabi/lib/thumb/v6-m/nofp\libc_nano.a
LOAD c:/st/stm32cubeide_1.5.0/stm32cubeide/plugins/com.st.stm32cube.ide.mcu.externaltools.gnu-tools-for-stm32.9-2020-q2-update.win32_1.5.0.202011040924/tools/bin/../lib/gcc/arm-none-eabi/9.3.1/../../../../arm-none-eabi/lib/thumb/v6-m/nofp\libnosys.a
END GROUP
LOAD c:/st/stm32cubeide_1.5.0/stm32cubeide/plugins/com.st.stm32cube.ide.mcu.externaltools.gnu-tools-for-stm32.9-2020-q2-update.win32_1.5.0.202011040924/tools/bin/../lib/gcc/arm-none-eabi/9.3.1/thumb/v6-m/nofp/crtend.o
LOAD c:/st/stm32cubeide_1.5.0/stm32cubeide/plugins/com.st.stm32cube.ide.mcu.externaltools.gnu-tools-for-stm32.9-2020-q2-update.win32_1.5.0.202011040924/tools/bin/../lib/gcc/arm-none-eabi/9.3.1/thumb/v6-m/nofp/crtn.o
                0x0000000020008000                _estack = (ORIGIN (RAM) + LENGTH (RAM))
                0x0000000000000200                _Min_Heap_Size = 0x200
                0x0000000000000400                _Min_Stack_Size = 0x400

.isr_vector     0x0000000008000000       0xbc
                0x0000000008000000                . = ALIGN (0x4)
 *(.isr_vector)
 .isr_vector    0x0000000008000000       0xbc Core/Startup/startup_stm32f030cctx.o
                0x0000000008000000                g_pfnVectors
                0x00000000080000bc                . = ALIGN (0x4)

.text           0x00000000080000bc     0xbe7c
                0x00000000080000bc                . = ALIGN (0x4)
 *(.text)
 .text          0x00000000080000bc       0x48 c:/st/stm32cubeide_1.5.0/stm32cubeide/plugins/com.st.stm32cube.ide.mcu.externaltools.gnu-tools-for-stm32.9-2020-q2-update.win32_1.5.0.202011040924/tools/bin/../lib/gcc/arm-none-eabi/9.3.1/thumb/v6-m/nofp/crtbegin.o
 .text          0x0000000008000104        0xe c:/st/stm32cubeide_1.5.0/stm32cubeide/plugins/com.st.stm32cube.ide.mcu.externaltools.gnu-tools-for-stm32.9-2020-q2-update.win32_1.5.0.202011040924/tools/bin/../lib/gcc/arm-none-eabi/9.3.1/../../../../arm-none-eabi/lib/thumb/v6-m/nofp\libc_nano.a(lib_a-strlen.o)
                0x0000000008000104                strlen
 *fill*         0x0000000008000112        0x2 
 .text          0x0000000008000114       0x14 c:/st/stm32cubeide_1.5.0/stm32cubeide/plugins/com.st.stm32cube.ide.mcu.externaltools.gnu-tools-for-stm32.9-2020-q2-update.win32_1.5.0.202011040924/tools/bin/../lib/gcc/arm-none-eabi/9.3.1/thumb/v6-m/nofp\libgcc.a(_thumb1_case_shi.o)
                0x0000000008000114                __gnu_thumb1_case_shi
 .text          0x0000000008000128      0x114 c:/st/stm32cubeide_1.5.0/stm32cubeide/plugins/com.st.stm32cube.ide.mcu.externaltools.gnu-tools-for-stm32.9-2020-q2-update.win32_1.5.0.202011040924/tools/bin/../lib/gcc/arm-none-eabi/9.3.1/thumb/v6-m/nofp\libgcc.a(_udivsi3.o)
                0x0000000008000128                __aeabi_uidiv
                0x0000000008000128                __udivsi3
                0x0000000008000234                __aeabi_uidivmod
 .text          0x000000000800023c      0x1d4 c:/st/stm32cubeide_1.5.0/stm32cubeide/plugins/com.st.stm32cube.ide.mcu.externaltools.gnu-tools-for-stm32.9-2020-q2-update.win32_1.5.0.202011040924/tools/bin/../lib/gcc/arm-none-eabi/9.3.1/thumb/v6-m/nofp\libgcc.a(_divsi3.o)
                0x000000000800023c                __divsi3
                0x000000000800023c                __aeabi_idiv
                0x0000000008000408                __aeabi_idivmod
 .text          0x0000000008000410        0x4 c:/st/stm32cubeide_1.5.0/stm32cubeide/plugins/com.st.stm32cube.ide.mcu.externaltools.gnu-tools-for-stm32.9-2020-q2-update.win32_1.5.0.202011040924/tools/bin/../lib/gcc/arm-none-eabi/9.3.1/thumb/v6-m/nofp\libgcc.a(_dvmd_tls.o)
                0x0000000008000410                __aeabi_idiv0
                0x0000000008000410                __aeabi_ldiv0
 .text          0x0000000008000414       0x40 c:/st/stm32cubeide_1.5.0/stm32cubeide/plugins/com.st.stm32cube.ide.mcu.externaltools.gnu-tools-for-stm32.9-2020-q2-update.win32_1.5.0.202011040924/tools/bin/../lib/gcc/arm-none-eabi/9.3.1/thumb/v6-m/nofp\libgcc.a(_aeabi_uldivmod.o)
                0x0000000008000414                __aeabi_uldivmod
 .text          0x0000000008000454       0x50 c:/st/stm32cubeide_1.5.0/stm32cubeide/plugins/com.st.stm32cube.ide.mcu.externaltools.gnu-tools-for-stm32.9-2020-q2-update.win32_1.5.0.202011040924/tools/bin/../lib/gcc/arm-none-eabi/9.3.1/thumb/v6-m/nofp\libgcc.a(_muldi3.o)
                0x0000000008000454                __muldi3
                0x0000000008000454                __aeabi_lmul
 .text          0x00000000080004a4      0x198 c:/st/stm32cubeide_1.5.0/stm32cubeide/plugins/com.st.stm32cube.ide.mcu.externaltools.gnu-tools-for-stm32.9-2020-q2-update.win32_1.5.0.202011040924/tools/bin/../lib/gcc/arm-none-eabi/9.3.1/thumb/v6-m/nofp\libgcc.a(_udivmoddi4.o)
                0x00000000080004a4                __udivmoddi4
 .text          0x000000000800063c       0x18 c:/st/stm32cubeide_1.5.0/stm32cubeide/plugins/com.st.stm32cube.ide.mcu.externaltools.gnu-tools-for-stm32.9-2020-q2-update.win32_1.5.0.202011040924/tools/bin/../lib/gcc/arm-none-eabi/9.3.1/thumb/v6-m/nofp\libgcc.a(_clzdi2.o)
                0x000000000800063c                __clzdi2
 .text          0x0000000008000654       0x3c c:/st/stm32cubeide_1.5.0/stm32cubeide/plugins/com.st.stm32cube.ide.mcu.externaltools.gnu-tools-for-stm32.9-2020-q2-update.win32_1.5.0.202011040924/tools/bin/../lib/gcc/arm-none-eabi/9.3.1/thumb/v6-m/nofp\libgcc.a(_clzsi2.o)
                0x0000000008000654                __clzsi2
 *(.text*)
 .text.i2c_write_reg
                0x0000000008000690       0x42 Core/Src/DS3231.o
                0x0000000008000690                i2c_write_reg
 .text.i2c_read_reg
                0x00000000080006d2       0x46 Core/Src/DS3231.o
                0x00000000080006d2                i2c_read_reg
 .text.time_read
                0x0000000008000718      0x194 Core/Src/DS3231.o
                0x0000000008000718                time_read
 .text.time_set
                0x00000000080008ac      0x1c4 Core/Src/DS3231.o
                0x00000000080008ac                time_set
 .text.time_alarm_reset
                0x0000000008000a70       0x80 Core/Src/DS3231.o
                0x0000000008000a70                time_alarm_reset
 .text.time_oscilator_stop_flag_reset
                0x0000000008000af0       0x3e Core/Src/DS3231.o
                0x0000000008000af0                time_oscilator_stop_flag_reset
 .text.BQ25890_write_reg
                0x0000000008000b2e       0x42 Core/Src/bq25890.o
                0x0000000008000b2e                BQ25890_write_reg
 .text.BQ25890_read_reg
                0x0000000008000b70       0x46 Core/Src/bq25890.o
                0x0000000008000b70                BQ25890_read_reg
 .text.BQ25890_start_ADC
                0x0000000008000bb6       0x40 Core/Src/bq25890.o
                0x0000000008000bb6                BQ25890_start_ADC
 .text.BQ25890_read_bat_voltage
                0x0000000008000bf6       0x5e Core/Src/bq25890.o
                0x0000000008000bf6                BQ25890_read_bat_voltage
 .text.put_country_ID
                0x0000000008000c54     0x10e4 Core/Src/calc_country_ID.o
                0x0000000008000c54                put_country_ID
 .text.init_spi
                0x0000000008001d38       0x20 Core/Src/diskio.o
 .text.xchg_spi
                0x0000000008001d58       0x2c Core/Src/diskio.o
 .text.rcvr_spi_multi
                0x0000000008001d84       0xac Core/Src/diskio.o
 .text.xmit_spi_multi
                0x0000000008001e30       0x80 Core/Src/diskio.o
 .text.wait_ready
                0x0000000008001eb0       0x48 Core/Src/diskio.o
 .text.deselect
                0x0000000008001ef8       0x20 Core/Src/diskio.o
 .text._select  0x0000000008001f18       0x38 Core/Src/diskio.o
 .text.rcvr_datablock
                0x0000000008001f50       0x64 Core/Src/diskio.o
 .text.xmit_datablock
                0x0000000008001fb4       0x74 Core/Src/diskio.o
 .text.send_cmd
                0x0000000008002028      0x11c Core/Src/diskio.o
 .text.disk_initialize
                0x0000000008002144      0x22c Core/Src/diskio.o
                0x0000000008002144                disk_initialize
 .text.disk_status
                0x0000000008002370       0x2c Core/Src/diskio.o
                0x0000000008002370                disk_status
 .text.disk_read
                0x000000000800239c       0xd8 Core/Src/diskio.o
                0x000000000800239c                disk_read
 .text.disk_write
                0x0000000008002474      0x100 Core/Src/diskio.o
                0x0000000008002474                disk_write
 .text.disk_ioctl
                0x0000000008002574      0x328 Core/Src/diskio.o
                0x0000000008002574                disk_ioctl
 .text.EPD_Init
                0x000000000800289c      0x102 Core/Src/epd1in54.o
                0x000000000800289c                EPD_Init
 .text.EPD_DigitalWrite
                0x000000000800299e       0x20 Core/Src/epd1in54.o
                0x000000000800299e                EPD_DigitalWrite
 .text.EPD_DigitalRead
                0x00000000080029be       0x1c Core/Src/epd1in54.o
                0x00000000080029be                EPD_DigitalRead
 .text.EPD_DelayMs
                0x00000000080029da       0x1a Core/Src/epd1in54.o
                0x00000000080029da                EPD_DelayMs
 .text.EPD_SendCommand
                0x00000000080029f4       0x2e Core/Src/epd1in54.o
                0x00000000080029f4                EPD_SendCommand
 .text.EPD_SendData
                0x0000000008002a22       0x2e Core/Src/epd1in54.o
                0x0000000008002a22                EPD_SendData
 .text.EPD_WaitUntilIdle
                0x0000000008002a50       0x32 Core/Src/epd1in54.o
                0x0000000008002a50                EPD_WaitUntilIdle
 .text.EPD_Reset
                0x0000000008002a82       0x40 Core/Src/epd1in54.o
                0x0000000008002a82                EPD_Reset
 .text.EPD_SetFrameMemory
                0x0000000008002ac2      0x11e Core/Src/epd1in54.o
                0x0000000008002ac2                EPD_SetFrameMemory
 .text.EPD_DisplayFrame
                0x0000000008002be0       0x38 Core/Src/epd1in54.o
                0x0000000008002be0                EPD_DisplayFrame
 .text.EPD_SetLut
                0x0000000008002c18       0x4a Core/Src/epd1in54.o
 .text.EPD_SetMemoryArea
                0x0000000008002c62       0x86 Core/Src/epd1in54.o
 .text.EPD_SetMemoryPointer
                0x0000000008002ce8       0x5e Core/Src/epd1in54.o
 *fill*         0x0000000008002d46        0x2 
 .text.EpdDigitalWriteCallback
                0x0000000008002d48       0x5c Core/Src/epdif.o
                0x0000000008002d48                EpdDigitalWriteCallback
 .text.EpdDigitalReadCallback
                0x0000000008002da4       0x3c Core/Src/epdif.o
                0x0000000008002da4                EpdDigitalReadCallback
 .text.EpdDelayMsCallback
                0x0000000008002de0       0x18 Core/Src/epdif.o
                0x0000000008002de0                EpdDelayMsCallback
 .text.EpdSpiTransferCallback
                0x0000000008002df8       0x50 Core/Src/epdif.o
                0x0000000008002df8                EpdSpiTransferCallback
 .text.EpdInitCallback
                0x0000000008002e48       0x48 Core/Src/epdif.o
                0x0000000008002e48                EpdInitCallback
 .text.Paint_Init
                0x0000000008002e90       0x58 Core/Src/epdpaint.o
                0x0000000008002e90                Paint_Init
 .text.Paint_Clear
                0x0000000008002ee8       0x4c Core/Src/epdpaint.o
                0x0000000008002ee8                Paint_Clear
 .text.Paint_DrawAbsolutePixel
                0x0000000008002f34       0xe0 Core/Src/epdpaint.o
                0x0000000008002f34                Paint_DrawAbsolutePixel
 .text.Paint_CheckAbsolutePixel
                0x0000000008003014       0x58 Core/Src/epdpaint.o
                0x0000000008003014                Paint_CheckAbsolutePixel
 .text.Paint_GetWidth
                0x000000000800306c       0x14 Core/Src/epdpaint.o
                0x000000000800306c                Paint_GetWidth
 .text.Paint_GetHeight
                0x0000000008003080       0x14 Core/Src/epdpaint.o
                0x0000000008003080                Paint_GetHeight
 .text.Paint_DrawPixel
                0x0000000008003094      0x13c Core/Src/epdpaint.o
                0x0000000008003094                Paint_DrawPixel
 .text.Paint_CheckPixel
                0x00000000080031d0       0xac Core/Src/epdpaint.o
                0x00000000080031d0                Paint_CheckPixel
 .text.Paint_DrawCharAt
                0x000000000800327c      0x11c Core/Src/epdpaint.o
                0x000000000800327c                Paint_DrawCharAt
 .text.Paint_DrawStringAt
                0x0000000008003398       0x5e Core/Src/epdpaint.o
                0x0000000008003398                Paint_DrawStringAt
 .text.Paint_DrawHorizontalLine
                0x00000000080033f6       0x3c Core/Src/epdpaint.o
                0x00000000080033f6                Paint_DrawHorizontalLine
 .text.Paint_ImageFromMemory
                0x0000000008003432       0xd0 Core/Src/epdpaint.o
                0x0000000008003432                Paint_ImageFromMemory
 .text.ld_word  0x0000000008003502       0x36 Core/Src/ff.o
 .text.ld_dword
                0x0000000008003538       0x42 Core/Src/ff.o
 .text.st_word  0x000000000800357a       0x3c Core/Src/ff.o
 .text.st_dword
                0x00000000080035b6       0x54 Core/Src/ff.o
 .text.mem_cpy  0x000000000800360a       0x3e Core/Src/ff.o
 .text.mem_set  0x0000000008003648       0x32 Core/Src/ff.o
 .text.mem_cmp  0x000000000800367a       0x4a Core/Src/ff.o
 .text.chk_chr  0x00000000080036c4       0x32 Core/Src/ff.o
 .text.sync_window
                0x00000000080036f6       0x90 Core/Src/ff.o
 .text.move_window
                0x0000000008003786       0x6a Core/Src/ff.o
 .text.sync_fs  0x00000000080037f0       0xf8 Core/Src/ff.o
 .text.clust2sect
                0x00000000080038e8       0x38 Core/Src/ff.o
 .text.get_fat  0x0000000008003920      0x156 Core/Src/ff.o
 .text.put_fat  0x0000000008003a76      0x206 Core/Src/ff.o
 .text.remove_chain
                0x0000000008003c7c       0xe6 Core/Src/ff.o
 .text.create_chain
                0x0000000008003d62      0x14c Core/Src/ff.o
 .text.dir_sdi  0x0000000008003eae       0xfc Core/Src/ff.o
 .text.dir_next
                0x0000000008003faa      0x192 Core/Src/ff.o
 .text.dir_alloc
                0x000000000800413c       0xb0 Core/Src/ff.o
 .text.ld_clust
                0x00000000080041ec       0x3e Core/Src/ff.o
 .text.st_clust
                0x000000000800422a       0x40 Core/Src/ff.o
 .text.dir_find
                0x000000000800426a       0xd0 Core/Src/ff.o
 .text.dir_register
                0x000000000800433a       0x76 Core/Src/ff.o
 .text.create_name
                0x00000000080043b0      0x1d0 Core/Src/ff.o
 .text.follow_path
                0x0000000008004580      0x10a Core/Src/ff.o
 .text.get_ldnumber
                0x000000000800468a       0x84 Core/Src/ff.o
 *fill*         0x000000000800470e        0x2 
 .text.check_fs
                0x0000000008004710       0xb0 Core/Src/ff.o
 .text.find_volume
                0x00000000080047c0      0x4d8 Core/Src/ff.o
 .text.validate
                0x0000000008004c98       0x74 Core/Src/ff.o
 .text.f_mount  0x0000000008004d0c       0x90 Core/Src/ff.o
                0x0000000008004d0c                f_mount
 .text.f_open   0x0000000008004d9c      0x37c Core/Src/ff.o
                0x0000000008004d9c                f_open
 .text.f_write  0x0000000008005118      0x2d8 Core/Src/ff.o
                0x0000000008005118                f_write
 .text.f_sync   0x00000000080053f0      0x114 Core/Src/ff.o
                0x00000000080053f0                f_sync
 .text.f_close  0x0000000008005504       0x50 Core/Src/ff.o
                0x0000000008005504                f_close
 .text.f_lseek  0x0000000008005554      0x278 Core/Src/ff.o
                0x0000000008005554                f_lseek
 .text.FATFS_LinkDriverEx
                0x00000000080057cc       0xa8 Core/Src/ff_gen_drv.o
                0x00000000080057cc                FATFS_LinkDriverEx
 .text.FATFS_LinkDriver
                0x0000000008005874       0x20 Core/Src/ff_gen_drv.o
                0x0000000008005874                FATFS_LinkDriver
 .text.__NVIC_SystemReset
                0x0000000008005894       0x24 Core/Src/main.o
 .text.ascii_hex_to_dec
                0x00000000080058b8       0x48 Core/Src/main.o
                0x00000000080058b8                ascii_hex_to_dec
 .text.calc_sheep_id
                0x0000000008005900      0x254 Core/Src/main.o
                0x0000000008005900                calc_sheep_id
 .text.HAL_UART_RxCpltCallback
                0x0000000008005b54      0x154 Core/Src/main.o
                0x0000000008005b54                HAL_UART_RxCpltCallback
 .text.HAL_GPIO_EXTI_Callback
                0x0000000008005ca8       0x78 Core/Src/main.o
                0x0000000008005ca8                HAL_GPIO_EXTI_Callback
 .text.number_to_string
                0x0000000008005d20      0x100 Core/Src/main.o
                0x0000000008005d20                number_to_string
 .text.Refresh_display
                0x0000000008005e20      0x3c8 Core/Src/main.o
                0x0000000008005e20                Refresh_display
 .text.Set_Turn_Off_display
                0x00000000080061e8       0x80 Core/Src/main.o
                0x00000000080061e8                Set_Turn_Off_display
 .text.Turn_off_device
                0x0000000008006268       0x4c Core/Src/main.o
                0x0000000008006268                Turn_off_device
 .text.SD_Write
                0x00000000080062b4      0x174 Core/Src/main.o
                0x00000000080062b4                SD_Write
 .text.Turn_on_LED_buzzer
                0x0000000008006428       0x44 Core/Src/main.o
                0x0000000008006428                Turn_on_LED_buzzer
 .text.main     0x000000000800646c      0x370 Core/Src/main.o
                0x000000000800646c                main
 .text.SystemClock_Config
                0x00000000080067dc       0xd0 Core/Src/main.o
                0x00000000080067dc                SystemClock_Config
 .text.MX_I2C1_Init
                0x00000000080068ac       0x80 Core/Src/main.o
 .text.MX_IWDG_Init
                0x000000000800692c       0x40 Core/Src/main.o
 .text.MX_SPI1_Init
                0x000000000800696c       0x7c Core/Src/main.o
 .text.MX_SPI2_Init
                0x00000000080069e8       0x7c Core/Src/main.o
 .text.MX_TIM17_Init
                0x0000000008006a64       0x50 Core/Src/main.o
 .text.MX_USART1_UART_Init
                0x0000000008006ab4       0x60 Core/Src/main.o
 .text.MX_USART2_UART_Init
                0x0000000008006b14       0x60 Core/Src/main.o
 .text.MX_USART5_UART_Init
                0x0000000008006b74       0x60 Core/Src/main.o
 .text.MX_GPIO_Init
                0x0000000008006bd4      0x1e4 Core/Src/main.o
 .text.Error_Handler
                0x0000000008006db8        0xa Core/Src/main.o
                0x0000000008006db8                Error_Handler
 *fill*         0x0000000008006dc2        0x2 
 .text.HAL_MspInit
                0x0000000008006dc4       0x48 Core/Src/stm32f0xx_hal_msp.o
                0x0000000008006dc4                HAL_MspInit
 .text.HAL_I2C_MspInit
                0x0000000008006e0c       0x9c Core/Src/stm32f0xx_hal_msp.o
                0x0000000008006e0c                HAL_I2C_MspInit
 .text.HAL_SPI_MspInit
                0x0000000008006ea8      0x114 Core/Src/stm32f0xx_hal_msp.o
                0x0000000008006ea8                HAL_SPI_MspInit
 .text.HAL_TIM_Base_MspInit
                0x0000000008006fbc       0x40 Core/Src/stm32f0xx_hal_msp.o
                0x0000000008006fbc                HAL_TIM_Base_MspInit
 .text.HAL_UART_MspInit
                0x0000000008006ffc      0x1d8 Core/Src/stm32f0xx_hal_msp.o
                0x0000000008006ffc                HAL_UART_MspInit
 .text.HAL_UART_MspDeInit
                0x00000000080071d4       0xa8 Core/Src/stm32f0xx_hal_msp.o
                0x00000000080071d4                HAL_UART_MspDeInit
 .text.NMI_Handler
                0x000000000800727c        0x6 Core/Src/stm32f0xx_it.o
                0x000000000800727c                NMI_Handler
 .text.HardFault_Handler
                0x0000000008007282        0x6 Core/Src/stm32f0xx_it.o
                0x0000000008007282                HardFault_Handler
 .text.SVC_Handler
                0x0000000008007288        0xa Core/Src/stm32f0xx_it.o
                0x0000000008007288                SVC_Handler
 .text.PendSV_Handler
                0x0000000008007292        0xa Core/Src/stm32f0xx_it.o
                0x0000000008007292                PendSV_Handler
 .text.SysTick_Handler
                0x000000000800729c        0xe Core/Src/stm32f0xx_it.o
                0x000000000800729c                SysTick_Handler
 .text.EXTI0_1_IRQHandler
                0x00000000080072aa       0x10 Core/Src/stm32f0xx_it.o
                0x00000000080072aa                EXTI0_1_IRQHandler
 .text.EXTI4_15_IRQHandler
                0x00000000080072ba       0x14 Core/Src/stm32f0xx_it.o
                0x00000000080072ba                EXTI4_15_IRQHandler
 *fill*         0x00000000080072ce        0x2 
 .text.USART2_IRQHandler
                0x00000000080072d0       0x18 Core/Src/stm32f0xx_it.o
                0x00000000080072d0                USART2_IRQHandler
 .text.USART3_6_IRQHandler
                0x00000000080072e8       0x18 Core/Src/stm32f0xx_it.o
                0x00000000080072e8                USART3_6_IRQHandler
 .text._sbrk    0x0000000008007300       0x6c Core/Src/sysmem.o
                0x0000000008007300                _sbrk
 .text.SystemInit
                0x000000000800736c        0xa Core/Src/system_stm32f0xx.o
                0x000000000800736c                SystemInit
 *fill*         0x0000000008007376        0x2 
 .text.Reset_Handler
                0x0000000008007378       0x50 Core/Startup/startup_stm32f030cctx.o
                0x0000000008007378                Reset_Handler
 .text.Default_Handler
                0x00000000080073c8        0x2 Core/Startup/startup_stm32f030cctx.o
                0x00000000080073c8                TIM1_CC_IRQHandler
                0x00000000080073c8                TIM6_IRQHandler
                0x00000000080073c8                I2C1_IRQHandler
                0x00000000080073c8                SPI1_IRQHandler
                0x00000000080073c8                EXTI2_3_IRQHandler
                0x00000000080073c8                ADC1_IRQHandler
                0x00000000080073c8                I2C2_IRQHandler
                0x00000000080073c8                TIM17_IRQHandler
                0x00000000080073c8                RTC_IRQHandler
                0x00000000080073c8                TIM16_IRQHandler
                0x00000000080073c8                TIM3_IRQHandler
                0x00000000080073c8                RCC_IRQHandler
                0x00000000080073c8                DMA1_Channel1_IRQHandler
                0x00000000080073c8                Default_Handler
                0x00000000080073c8                TIM14_IRQHandler
                0x00000000080073c8                DMA1_Channel4_5_IRQHandler
                0x00000000080073c8                TIM7_IRQHandler
                0x00000000080073c8                TIM15_IRQHandler
                0x00000000080073c8                SPI2_IRQHandler
                0x00000000080073c8                WWDG_IRQHandler
                0x00000000080073c8                DMA1_Channel2_3_IRQHandler
                0x00000000080073c8                FLASH_IRQHandler
                0x00000000080073c8                USART1_IRQHandler
                0x00000000080073c8                TIM1_BRK_UP_TRG_COM_IRQHandler
 *fill*         0x00000000080073ca        0x2 
 .text.HAL_Init
                0x00000000080073cc       0x28 Drivers/STM32F0xx_HAL_Driver/Src/stm32f0xx_hal.o
                0x00000000080073cc                HAL_Init
 .text.HAL_InitTick
                0x00000000080073f4       0x68 Drivers/STM32F0xx_HAL_Driver/Src/stm32f0xx_hal.o
                0x00000000080073f4                HAL_InitTick
 .text.HAL_IncTick
                0x000000000800745c       0x24 Drivers/STM32F0xx_HAL_Driver/Src/stm32f0xx_hal.o
                0x000000000800745c                HAL_IncTick
 .text.HAL_GetTick
                0x0000000008007480       0x14 Drivers/STM32F0xx_HAL_Driver/Src/stm32f0xx_hal.o
                0x0000000008007480                HAL_GetTick
 .text.HAL_Delay
                0x0000000008007494       0x48 Drivers/STM32F0xx_HAL_Driver/Src/stm32f0xx_hal.o
                0x0000000008007494                HAL_Delay
 .text.__NVIC_EnableIRQ
                0x00000000080074dc       0x34 Drivers/STM32F0xx_HAL_Driver/Src/stm32f0xx_hal_cortex.o
 .text.__NVIC_DisableIRQ
                0x0000000008007510       0x44 Drivers/STM32F0xx_HAL_Driver/Src/stm32f0xx_hal_cortex.o
 .text.__NVIC_SetPriority
                0x0000000008007554       0xdc Drivers/STM32F0xx_HAL_Driver/Src/stm32f0xx_hal_cortex.o
 .text.SysTick_Config
                0x0000000008007630       0x48 Drivers/STM32F0xx_HAL_Driver/Src/stm32f0xx_hal_cortex.o
 .text.HAL_NVIC_SetPriority
                0x0000000008007678       0x2a Drivers/STM32F0xx_HAL_Driver/Src/stm32f0xx_hal_cortex.o
                0x0000000008007678                HAL_NVIC_SetPriority
 .text.HAL_NVIC_EnableIRQ
                0x00000000080076a2       0x20 Drivers/STM32F0xx_HAL_Driver/Src/stm32f0xx_hal_cortex.o
                0x00000000080076a2                HAL_NVIC_EnableIRQ
 .text.HAL_NVIC_DisableIRQ
                0x00000000080076c2       0x20 Drivers/STM32F0xx_HAL_Driver/Src/stm32f0xx_hal_cortex.o
                0x00000000080076c2                HAL_NVIC_DisableIRQ
 .text.HAL_SYSTICK_Config
                0x00000000080076e2       0x1a Drivers/STM32F0xx_HAL_Driver/Src/stm32f0xx_hal_cortex.o
                0x00000000080076e2                HAL_SYSTICK_Config
 .text.HAL_DMA_Abort
                0x00000000080076fc       0x70 Drivers/STM32F0xx_HAL_Driver/Src/stm32f0xx_hal_dma.o
                0x00000000080076fc                HAL_DMA_Abort
 .text.HAL_DMA_Abort_IT
                0x000000000800776c       0x8a Drivers/STM32F0xx_HAL_Driver/Src/stm32f0xx_hal_dma.o
                0x000000000800776c                HAL_DMA_Abort_IT
 *fill*         0x00000000080077f6        0x2 
 .text.HAL_GPIO_Init
                0x00000000080077f8      0x2e0 Drivers/STM32F0xx_HAL_Driver/Src/stm32f0xx_hal_gpio.o
                0x00000000080077f8                HAL_GPIO_Init
 .text.HAL_GPIO_DeInit
                0x0000000008007ad8      0x1a0 Drivers/STM32F0xx_HAL_Driver/Src/stm32f0xx_hal_gpio.o
                0x0000000008007ad8                HAL_GPIO_DeInit
 .text.HAL_GPIO_ReadPin
                0x0000000008007c78       0x3a Drivers/STM32F0xx_HAL_Driver/Src/stm32f0xx_hal_gpio.o
                0x0000000008007c78                HAL_GPIO_ReadPin
 .text.HAL_GPIO_WritePin
                0x0000000008007cb2       0x3a Drivers/STM32F0xx_HAL_Driver/Src/stm32f0xx_hal_gpio.o
                0x0000000008007cb2                HAL_GPIO_WritePin
 .text.HAL_GPIO_TogglePin
                0x0000000008007cec       0x36 Drivers/STM32F0xx_HAL_Driver/Src/stm32f0xx_hal_gpio.o
                0x0000000008007cec                HAL_GPIO_TogglePin
 *fill*         0x0000000008007d22        0x2 
 .text.HAL_GPIO_EXTI_IRQHandler
                0x0000000008007d24       0x38 Drivers/STM32F0xx_HAL_Driver/Src/stm32f0xx_hal_gpio.o
                0x0000000008007d24                HAL_GPIO_EXTI_IRQHandler
 .text.HAL_I2C_Init
                0x0000000008007d5c      0x12c Drivers/STM32F0xx_HAL_Driver/Src/stm32f0xx_hal_i2c.o
                0x0000000008007d5c                HAL_I2C_Init
 .text.HAL_I2C_Master_Transmit
                0x0000000008007e88      0x210 Drivers/STM32F0xx_HAL_Driver/Src/stm32f0xx_hal_i2c.o
                0x0000000008007e88                HAL_I2C_Master_Transmit
 .text.HAL_I2C_Master_Receive
                0x0000000008008098      0x210 Drivers/STM32F0xx_HAL_Driver/Src/stm32f0xx_hal_i2c.o
                0x0000000008008098                HAL_I2C_Master_Receive
 .text.I2C_Flush_TXDR
                0x00000000080082a8       0x44 Drivers/STM32F0xx_HAL_Driver/Src/stm32f0xx_hal_i2c.o
 .text.I2C_WaitOnFlagUntilTimeout
                0x00000000080082ec       0x9c Drivers/STM32F0xx_HAL_Driver/Src/stm32f0xx_hal_i2c.o
 .text.I2C_WaitOnTXISFlagUntilTimeout
                0x0000000008008388       0x8c Drivers/STM32F0xx_HAL_Driver/Src/stm32f0xx_hal_i2c.o
 .text.I2C_WaitOnSTOPFlagUntilTimeout
                0x0000000008008414       0x86 Drivers/STM32F0xx_HAL_Driver/Src/stm32f0xx_hal_i2c.o
 *fill*         0x000000000800849a        0x2 
 .text.I2C_WaitOnRXNEFlagUntilTimeout
                0x000000000800849c      0x104 Drivers/STM32F0xx_HAL_Driver/Src/stm32f0xx_hal_i2c.o
 .text.I2C_IsErrorOccurred
                0x00000000080085a0      0x200 Drivers/STM32F0xx_HAL_Driver/Src/stm32f0xx_hal_i2c.o
 .text.I2C_TransferConfig
                0x00000000080087a0       0x74 Drivers/STM32F0xx_HAL_Driver/Src/stm32f0xx_hal_i2c.o
 .text.HAL_I2CEx_ConfigAnalogFilter
                0x0000000008008814       0x98 Drivers/STM32F0xx_HAL_Driver/Src/stm32f0xx_hal_i2c_ex.o
                0x0000000008008814                HAL_I2CEx_ConfigAnalogFilter
 .text.HAL_I2CEx_ConfigDigitalFilter
                0x00000000080088ac       0x98 Drivers/STM32F0xx_HAL_Driver/Src/stm32f0xx_hal_i2c_ex.o
                0x00000000080088ac                HAL_I2CEx_ConfigDigitalFilter
 .text.HAL_IWDG_Init
                0x0000000008008944       0xa4 Drivers/STM32F0xx_HAL_Driver/Src/stm32f0xx_hal_iwdg.o
                0x0000000008008944                HAL_IWDG_Init
 .text.HAL_IWDG_Refresh
                0x00000000080089e8       0x20 Drivers/STM32F0xx_HAL_Driver/Src/stm32f0xx_hal_iwdg.o
                0x00000000080089e8                HAL_IWDG_Refresh
 .text.HAL_RCC_OscConfig
                0x0000000008008a08      0x63c Drivers/STM32F0xx_HAL_Driver/Src/stm32f0xx_hal_rcc.o
                0x0000000008008a08                HAL_RCC_OscConfig
 .text.HAL_RCC_ClockConfig
                0x0000000008009044      0x19c Drivers/STM32F0xx_HAL_Driver/Src/stm32f0xx_hal_rcc.o
                0x0000000008009044                HAL_RCC_ClockConfig
 .text.HAL_RCC_GetSysClockFreq
                0x00000000080091e0       0xb0 Drivers/STM32F0xx_HAL_Driver/Src/stm32f0xx_hal_rcc.o
                0x00000000080091e0                HAL_RCC_GetSysClockFreq
 .text.HAL_RCC_GetHCLKFreq
                0x0000000008009290       0x14 Drivers/STM32F0xx_HAL_Driver/Src/stm32f0xx_hal_rcc.o
                0x0000000008009290                HAL_RCC_GetHCLKFreq
 .text.HAL_RCC_GetPCLK1Freq
                0x00000000080092a4       0x2c Drivers/STM32F0xx_HAL_Driver/Src/stm32f0xx_hal_rcc.o
                0x00000000080092a4                HAL_RCC_GetPCLK1Freq
 .text.HAL_RCCEx_PeriphCLKConfig
                0x00000000080092d0      0x19c Drivers/STM32F0xx_HAL_Driver/Src/stm32f0xx_hal_rcc_ex.o
                0x00000000080092d0                HAL_RCCEx_PeriphCLKConfig
 .text.HAL_SPI_Init
                0x000000000800946c      0x170 Drivers/STM32F0xx_HAL_Driver/Src/stm32f0xx_hal_spi.o
                0x000000000800946c                HAL_SPI_Init
 .text.HAL_SPI_Transmit
                0x00000000080095dc      0x2be Drivers/STM32F0xx_HAL_Driver/Src/stm32f0xx_hal_spi.o
                0x00000000080095dc                HAL_SPI_Transmit
 *fill*         0x000000000800989a        0x2 
 .text.HAL_SPI_TransmitReceive
                0x000000000800989c      0x3c4 Drivers/STM32F0xx_HAL_Driver/Src/stm32f0xx_hal_spi.o
                0x000000000800989c                HAL_SPI_TransmitReceive
 .text.SPI_WaitFlagStateUntilTimeout
                0x0000000008009c60      0x11c Drivers/STM32F0xx_HAL_Driver/Src/stm32f0xx_hal_spi.o
 .text.SPI_WaitFifoStateUntilTimeout
                0x0000000008009d7c      0x144 Drivers/STM32F0xx_HAL_Driver/Src/stm32f0xx_hal_spi.o
 .text.SPI_EndRxTxTransaction
                0x0000000008009ec0       0x8c Drivers/STM32F0xx_HAL_Driver/Src/stm32f0xx_hal_spi.o
 .text.HAL_TIM_Base_Init
                0x0000000008009f4c       0xa0 Drivers/STM32F0xx_HAL_Driver/Src/stm32f0xx_hal_tim.o
                0x0000000008009f4c                HAL_TIM_Base_Init
 .text.TIM_Base_SetConfig
                0x0000000008009fec       0xec Drivers/STM32F0xx_HAL_Driver/Src/stm32f0xx_hal_tim.o
                0x0000000008009fec                TIM_Base_SetConfig
 .text.HAL_UART_Init
                0x000000000800a0d8       0xa8 Drivers/STM32F0xx_HAL_Driver/Src/stm32f0xx_hal_uart.o
                0x000000000800a0d8                HAL_UART_Init
 .text.HAL_UART_DeInit
                0x000000000800a180       0x7c Drivers/STM32F0xx_HAL_Driver/Src/stm32f0xx_hal_uart.o
                0x000000000800a180                HAL_UART_DeInit
 .text.HAL_UART_Transmit
                0x000000000800a1fc      0x140 Drivers/STM32F0xx_HAL_Driver/Src/stm32f0xx_hal_uart.o
                0x000000000800a1fc                HAL_UART_Transmit
 .text.HAL_UART_Receive_IT
                0x000000000800a33c       0xae Drivers/STM32F0xx_HAL_Driver/Src/stm32f0xx_hal_uart.o
                0x000000000800a33c                HAL_UART_Receive_IT
 *fill*         0x000000000800a3ea        0x2 
 .text.HAL_UART_IRQHandler
                0x000000000800a3ec      0x590 Drivers/STM32F0xx_HAL_Driver/Src/stm32f0xx_hal_uart.o
                0x000000000800a3ec                HAL_UART_IRQHandler
 .text.HAL_UART_TxCpltCallback
                0x000000000800a97c       0x10 Drivers/STM32F0xx_HAL_Driver/Src/stm32f0xx_hal_uart.o
                0x000000000800a97c                HAL_UART_TxCpltCallback
 .text.HAL_UART_ErrorCallback
                0x000000000800a98c       0x10 Drivers/STM32F0xx_HAL_Driver/Src/stm32f0xx_hal_uart.o
                0x000000000800a98c                HAL_UART_ErrorCallback
 .text.HAL_UARTEx_RxEventCallback
                0x000000000800a99c       0x16 Drivers/STM32F0xx_HAL_Driver/Src/stm32f0xx_hal_uart.o
                0x000000000800a99c                HAL_UARTEx_RxEventCallback
 *fill*         0x000000000800a9b2        0x2 
 .text.UART_SetConfig
                0x000000000800a9b4      0x2e0 Drivers/STM32F0xx_HAL_Driver/Src/stm32f0xx_hal_uart.o
                0x000000000800a9b4                UART_SetConfig
 .text.UART_AdvFeatureConfig
                0x000000000800ac94      0x168 Drivers/STM32F0xx_HAL_Driver/Src/stm32f0xx_hal_uart.o
                0x000000000800ac94                UART_AdvFeatureConfig
 .text.UART_CheckIdleState
                0x000000000800adfc      0x150 Drivers/STM32F0xx_HAL_Driver/Src/stm32f0xx_hal_uart.o
                0x000000000800adfc                UART_CheckIdleState
 .text.UART_WaitOnFlagUntilTimeout
                0x000000000800af4c       0xd2 Drivers/STM32F0xx_HAL_Driver/Src/stm32f0xx_hal_uart.o
                0x000000000800af4c                UART_WaitOnFlagUntilTimeout
 *fill*         0x000000000800b01e        0x2 
 .text.UART_Start_Receive_IT
                0x000000000800b020      0x194 Drivers/STM32F0xx_HAL_Driver/Src/stm32f0xx_hal_uart.o
                0x000000000800b020                UART_Start_Receive_IT
 .text.UART_EndRxTransfer
                0x000000000800b1b4       0xc8 Drivers/STM32F0xx_HAL_Driver/Src/stm32f0xx_hal_uart.o
 .text.UART_DMAAbortOnError
                0x000000000800b27c       0x2e Drivers/STM32F0xx_HAL_Driver/Src/stm32f0xx_hal_uart.o
 .text.UART_EndTransmit_IT
                0x000000000800b2aa       0x56 Drivers/STM32F0xx_HAL_Driver/Src/stm32f0xx_hal_uart.o
 .text.UART_RxISR_8BIT
                0x000000000800b300      0x1b8 Drivers/STM32F0xx_HAL_Driver/Src/stm32f0xx_hal_uart.o
 .text.UART_RxISR_16BIT
                0x000000000800b4b8      0x1b8 Drivers/STM32F0xx_HAL_Driver/Src/stm32f0xx_hal_uart.o
 .text.__errno  0x000000000800b670        0xc c:/st/stm32cubeide_1.5.0/stm32cubeide/plugins/com.st.stm32cube.ide.mcu.externaltools.gnu-tools-for-stm32.9-2020-q2-update.win32_1.5.0.202011040924/tools/bin/../lib/gcc/arm-none-eabi/9.3.1/../../../../arm-none-eabi/lib/thumb/v6-m/nofp\libc_nano.a(lib_a-errno.o)
                0x000000000800b670                __errno
 .text.__libc_init_array
                0x000000000800b67c       0x48 c:/st/stm32cubeide_1.5.0/stm32cubeide/plugins/com.st.stm32cube.ide.mcu.externaltools.gnu-tools-for-stm32.9-2020-q2-update.win32_1.5.0.202011040924/tools/bin/../lib/gcc/arm-none-eabi/9.3.1/../../../../arm-none-eabi/lib/thumb/v6-m/nofp\libc_nano.a(lib_a-init.o)
                0x000000000800b67c                __libc_init_array
 .text.memset   0x000000000800b6c4       0x10 c:/st/stm32cubeide_1.5.0/stm32cubeide/plugins/com.st.stm32cube.ide.mcu.externaltools.gnu-tools-for-stm32.9-2020-q2-update.win32_1.5.0.202011040924/tools/bin/../lib/gcc/arm-none-eabi/9.3.1/../../../../arm-none-eabi/lib/thumb/v6-m/nofp\libc_nano.a(lib_a-memset.o)
                0x000000000800b6c4                memset
 .text.sprintf  0x000000000800b6d4       0x40 c:/st/stm32cubeide_1.5.0/stm32cubeide/plugins/com.st.stm32cube.ide.mcu.externaltools.gnu-tools-for-stm32.9-2020-q2-update.win32_1.5.0.202011040924/tools/bin/../lib/gcc/arm-none-eabi/9.3.1/../../../../arm-none-eabi/lib/thumb/v6-m/nofp\libc_nano.a(lib_a-sprintf.o)
                0x000000000800b6d4                siprintf
                0x000000000800b6d4                sprintf
 .text.__ssputs_r
                0x000000000800b714       0xc4 c:/st/stm32cubeide_1.5.0/stm32cubeide/plugins/com.st.stm32cube.ide.mcu.externaltools.gnu-tools-for-stm32.9-2020-q2-update.win32_1.5.0.202011040924/tools/bin/../lib/gcc/arm-none-eabi/9.3.1/../../../../arm-none-eabi/lib/thumb/v6-m/nofp\libc_nano.a(lib_a-nano-svfprintf.o)
                0x000000000800b714                __ssputs_r
 .text._svfprintf_r
                0x000000000800b7d8      0x200 c:/st/stm32cubeide_1.5.0/stm32cubeide/plugins/com.st.stm32cube.ide.mcu.externaltools.gnu-tools-for-stm32.9-2020-q2-update.win32_1.5.0.202011040924/tools/bin/../lib/gcc/arm-none-eabi/9.3.1/../../../../arm-none-eabi/lib/thumb/v6-m/nofp\libc_nano.a(lib_a-nano-svfprintf.o)
                0x000000000800b7d8                _svfiprintf_r
                0x000000000800b7d8                _svfprintf_r
 .text._printf_common
                0x000000000800b9d8       0xde c:/st/stm32cubeide_1.5.0/stm32cubeide/plugins/com.st.stm32cube.ide.mcu.externaltools.gnu-tools-for-stm32.9-2020-q2-update.win32_1.5.0.202011040924/tools/bin/../lib/gcc/arm-none-eabi/9.3.1/../../../../arm-none-eabi/lib/thumb/v6-m/nofp\libc_nano.a(lib_a-nano-vfprintf_i.o)
                0x000000000800b9d8                _printf_common
 *fill*         0x000000000800bab6        0x2 
 .text._printf_i
                0x000000000800bab8      0x224 c:/st/stm32cubeide_1.5.0/stm32cubeide/plugins/com.st.stm32cube.ide.mcu.externaltools.gnu-tools-for-stm32.9-2020-q2-update.win32_1.5.0.202011040924/tools/bin/../lib/gcc/arm-none-eabi/9.3.1/../../../../arm-none-eabi/lib/thumb/v6-m/nofp\libc_nano.a(lib_a-nano-vfprintf_i.o)
                0x000000000800bab8                _printf_i
 .text.memchr   0x000000000800bcdc       0x16 c:/st/stm32cubeide_1.5.0/stm32cubeide/plugins/com.st.stm32cube.ide.mcu.externaltools.gnu-tools-for-stm32.9-2020-q2-update.win32_1.5.0.202011040924/tools/bin/../lib/gcc/arm-none-eabi/9.3.1/../../../../arm-none-eabi/lib/thumb/v6-m/nofp\libc_nano.a(lib_a-memchr-stub.o)
                0x000000000800bcdc                memchr
 .text.memcpy   0x000000000800bcf2       0x12 c:/st/stm32cubeide_1.5.0/stm32cubeide/plugins/com.st.stm32cube.ide.mcu.externaltools.gnu-tools-for-stm32.9-2020-q2-update.win32_1.5.0.202011040924/tools/bin/../lib/gcc/arm-none-eabi/9.3.1/../../../../arm-none-eabi/lib/thumb/v6-m/nofp\libc_nano.a(lib_a-memcpy-stub.o)
                0x000000000800bcf2                memcpy
 .text.memmove  0x000000000800bd04       0x26 c:/st/stm32cubeide_1.5.0/stm32cubeide/plugins/com.st.stm32cube.ide.mcu.externaltools.gnu-tools-for-stm32.9-2020-q2-update.win32_1.5.0.202011040924/tools/bin/../lib/gcc/arm-none-eabi/9.3.1/../../../../arm-none-eabi/lib/thumb/v6-m/nofp\libc_nano.a(lib_a-memmove.o)
                0x000000000800bd04                memmove
 *fill*         0x000000000800bd2a        0x2 
 .text._free_r  0x000000000800bd2c       0x94 c:/st/stm32cubeide_1.5.0/stm32cubeide/plugins/com.st.stm32cube.ide.mcu.externaltools.gnu-tools-for-stm32.9-2020-q2-update.win32_1.5.0.202011040924/tools/bin/../lib/gcc/arm-none-eabi/9.3.1/../../../../arm-none-eabi/lib/thumb/v6-m/nofp\libc_nano.a(lib_a-nano-freer.o)
                0x000000000800bd2c                _free_r
 .text._malloc_r
                0x000000000800bdc0       0xbc c:/st/stm32cubeide_1.5.0/stm32cubeide/plugins/com.st.stm32cube.ide.mcu.externaltools.gnu-tools-for-stm32.9-2020-q2-update.win32_1.5.0.202011040924/tools/bin/../lib/gcc/arm-none-eabi/9.3.1/../../../../arm-none-eabi/lib/thumb/v6-m/nofp\libc_nano.a(lib_a-nano-mallocr.o)
                0x000000000800bdc0                _malloc_r
 .text._realloc_r
                0x000000000800be7c       0x4c c:/st/stm32cubeide_1.5.0/stm32cubeide/plugins/com.st.stm32cube.ide.mcu.externaltools.gnu-tools-for-stm32.9-2020-q2-update.win32_1.5.0.202011040924/tools/bin/../lib/gcc/arm-none-eabi/9.3.1/../../../../arm-none-eabi/lib/thumb/v6-m/nofp\libc_nano.a(lib_a-nano-reallocr.o)
                0x000000000800be7c                _realloc_r
 .text._sbrk_r  0x000000000800bec8       0x24 c:/st/stm32cubeide_1.5.0/stm32cubeide/plugins/com.st.stm32cube.ide.mcu.externaltools.gnu-tools-for-stm32.9-2020-q2-update.win32_1.5.0.202011040924/tools/bin/../lib/gcc/arm-none-eabi/9.3.1/../../../../arm-none-eabi/lib/thumb/v6-m/nofp\libc_nano.a(lib_a-sbrkr.o)
                0x000000000800bec8                _sbrk_r
 .text.__malloc_lock
                0x000000000800beec       0x10 c:/st/stm32cubeide_1.5.0/stm32cubeide/plugins/com.st.stm32cube.ide.mcu.externaltools.gnu-tools-for-stm32.9-2020-q2-update.win32_1.5.0.202011040924/tools/bin/../lib/gcc/arm-none-eabi/9.3.1/../../../../arm-none-eabi/lib/thumb/v6-m/nofp\libc_nano.a(lib_a-mlock.o)
                0x000000000800beec                __malloc_lock
 .text.__malloc_unlock
                0x000000000800befc       0x10 c:/st/stm32cubeide_1.5.0/stm32cubeide/plugins/com.st.stm32cube.ide.mcu.externaltools.gnu-tools-for-stm32.9-2020-q2-update.win32_1.5.0.202011040924/tools/bin/../lib/gcc/arm-none-eabi/9.3.1/../../../../arm-none-eabi/lib/thumb/v6-m/nofp\libc_nano.a(lib_a-mlock.o)
                0x000000000800befc                __malloc_unlock
 .text._malloc_usable_size_r
                0x000000000800bf0c       0x10 c:/st/stm32cubeide_1.5.0/stm32cubeide/plugins/com.st.stm32cube.ide.mcu.externaltools.gnu-tools-for-stm32.9-2020-q2-update.win32_1.5.0.202011040924/tools/bin/../lib/gcc/arm-none-eabi/9.3.1/../../../../arm-none-eabi/lib/thumb/v6-m/nofp\libc_nano.a(lib_a-nano-msizer.o)
                0x000000000800bf0c                _malloc_usable_size_r
 .text.__retarget_lock_acquire_recursive
                0x000000000800bf1c        0x2 c:/st/stm32cubeide_1.5.0/stm32cubeide/plugins/com.st.stm32cube.ide.mcu.externaltools.gnu-tools-for-stm32.9-2020-q2-update.win32_1.5.0.202011040924/tools/bin/../lib/gcc/arm-none-eabi/9.3.1/../../../../arm-none-eabi/lib/thumb/v6-m/nofp\libc_nano.a(lib_a-lock.o)
                0x000000000800bf1c                __retarget_lock_acquire_recursive
 .text.__retarget_lock_release_recursive
                0x000000000800bf1e        0x2 c:/st/stm32cubeide_1.5.0/stm32cubeide/plugins/com.st.stm32cube.ide.mcu.externaltools.gnu-tools-for-stm32.9-2020-q2-update.win32_1.5.0.202011040924/tools/bin/../lib/gcc/arm-none-eabi/9.3.1/../../../../arm-none-eabi/lib/thumb/v6-m/nofp\libc_nano.a(lib_a-lock.o)
                0x000000000800bf1e                __retarget_lock_release_recursive
 *(.glue_7)
 .glue_7        0x000000000800bf20        0x0 linker stubs
 *(.glue_7t)
 .glue_7t       0x000000000800bf20        0x0 linker stubs
 *(.eh_frame)
 .eh_frame      0x000000000800bf20        0x0 c:/st/stm32cubeide_1.5.0/stm32cubeide/plugins/com.st.stm32cube.ide.mcu.externaltools.gnu-tools-for-stm32.9-2020-q2-update.win32_1.5.0.202011040924/tools/bin/../lib/gcc/arm-none-eabi/9.3.1/thumb/v6-m/nofp/crtbegin.o
 *(.init)
 .init          0x000000000800bf20        0x4 c:/st/stm32cubeide_1.5.0/stm32cubeide/plugins/com.st.stm32cube.ide.mcu.externaltools.gnu-tools-for-stm32.9-2020-q2-update.win32_1.5.0.202011040924/tools/bin/../lib/gcc/arm-none-eabi/9.3.1/thumb/v6-m/nofp/crti.o
                0x000000000800bf20                _init
 .init          0x000000000800bf24        0x8 c:/st/stm32cubeide_1.5.0/stm32cubeide/plugins/com.st.stm32cube.ide.mcu.externaltools.gnu-tools-for-stm32.9-2020-q2-update.win32_1.5.0.202011040924/tools/bin/../lib/gcc/arm-none-eabi/9.3.1/thumb/v6-m/nofp/crtn.o
 *(.fini)
 .fini          0x000000000800bf2c        0x4 c:/st/stm32cubeide_1.5.0/stm32cubeide/plugins/com.st.stm32cube.ide.mcu.externaltools.gnu-tools-for-stm32.9-2020-q2-update.win32_1.5.0.202011040924/tools/bin/../lib/gcc/arm-none-eabi/9.3.1/thumb/v6-m/nofp/crti.o
                0x000000000800bf2c                _fini
 .fini          0x000000000800bf30        0x8 c:/st/stm32cubeide_1.5.0/stm32cubeide/plugins/com.st.stm32cube.ide.mcu.externaltools.gnu-tools-for-stm32.9-2020-q2-update.win32_1.5.0.202011040924/tools/bin/../lib/gcc/arm-none-eabi/9.3.1/thumb/v6-m/nofp/crtn.o
                0x000000000800bf38                . = ALIGN (0x4)
                0x000000000800bf38                _etext = .

.vfp11_veneer   0x000000000800bf38        0x0
 .vfp11_veneer  0x000000000800bf38        0x0 linker stubs

.v4_bx          0x000000000800bf38        0x0
 .v4_bx         0x000000000800bf38        0x0 linker stubs

.iplt           0x000000000800bf38        0x0
 .iplt          0x000000000800bf38        0x0 c:/st/stm32cubeide_1.5.0/stm32cubeide/plugins/com.st.stm32cube.ide.mcu.externaltools.gnu-tools-for-stm32.9-2020-q2-update.win32_1.5.0.202011040924/tools/bin/../lib/gcc/arm-none-eabi/9.3.1/thumb/v6-m/nofp/crtbegin.o

.rodata         0x000000000800bf38     0x3df8
                0x000000000800bf38                . = ALIGN (0x4)
 *(.rodata)
 .rodata        0x000000000800bf38        0xf Core/Src/ff.o
 *fill*         0x000000000800bf47        0x1 
 .rodata        0x000000000800bf48       0x3e Core/Src/main.o
 *(.rodata*)
 *fill*         0x000000000800bf86        0x2 
 .rodata.put_country_ID
                0x000000000800bf88      0xdec Core/Src/calc_country_ID.o
 .rodata.lut_full_update
                0x000000000800cd74       0x1e Core/Src/epd1in54.o
                0x000000000800cd74                lut_full_update
 *fill*         0x000000000800cd92        0x2 
 .rodata.Font12_Table
                0x000000000800cd94      0x474 Core/Src/font12.o
                0x000000000800cd94                Font12_Table
 .rodata.Font16_Table
                0x000000000800d208      0xbe0 Core/Src/font16.o
                0x000000000800d208                Font16_Table
 .rodata.Font20_Table
                0x000000000800dde8      0xed8 Core/Src/font20.o
                0x000000000800dde8                Font20_Table
 .rodata.BT_Icon
                0x000000000800ecc0       0x1c Core/Src/imagedata.o
                0x000000000800ecc0                BT_Icon
 .rodata.SD_Icon
                0x000000000800ecdc       0x1e Core/Src/imagedata.o
                0x000000000800ecdc                SD_Icon
 *fill*         0x000000000800ecfa        0x2 
 .rodata.BAT0_Icon
                0x000000000800ecfc       0x3c Core/Src/imagedata.o
                0x000000000800ecfc                BAT0_Icon
 .rodata.BAT1_Icon
                0x000000000800ed38       0x3c Core/Src/imagedata.o
                0x000000000800ed38                BAT1_Icon
 .rodata.BAT2_Icon
                0x000000000800ed74       0x3c Core/Src/imagedata.o
                0x000000000800ed74                BAT2_Icon
 .rodata.BAT3_Icon
                0x000000000800edb0       0x3c Core/Src/imagedata.o
                0x000000000800edb0                BAT3_Icon
 .rodata.Sheep  0x000000000800edec      0xed8 Core/Src/imagedata.o
                0x000000000800edec                Sheep
 .rodata.AHBPrescTable
                0x000000000800fcc4       0x10 Core/Src/system_stm32f0xx.o
                0x000000000800fcc4                AHBPrescTable
 .rodata.APBPrescTable
                0x000000000800fcd4        0x8 Core/Src/system_stm32f0xx.o
                0x000000000800fcd4                APBPrescTable
 .rodata.aPLLMULFactorTable.6314
                0x000000000800fcdc       0x10 Drivers/STM32F0xx_HAL_Driver/Src/stm32f0xx_hal_rcc.o
 .rodata.aPredivFactorTable.6315
                0x000000000800fcec       0x10 Drivers/STM32F0xx_HAL_Driver/Src/stm32f0xx_hal_rcc.o
 .rodata._svfprintf_r.str1.1
                0x000000000800fcfc       0x11 c:/st/stm32cubeide_1.5.0/stm32cubeide/plugins/com.st.stm32cube.ide.mcu.externaltools.gnu-tools-for-stm32.9-2020-q2-update.win32_1.5.0.202011040924/tools/bin/../lib/gcc/arm-none-eabi/9.3.1/../../../../arm-none-eabi/lib/thumb/v6-m/nofp\libc_nano.a(lib_a-nano-svfprintf.o)
 .rodata._printf_i.str1.1
                0x000000000800fd0d       0x22 c:/st/stm32cubeide_1.5.0/stm32cubeide/plugins/com.st.stm32cube.ide.mcu.externaltools.gnu-tools-for-stm32.9-2020-q2-update.win32_1.5.0.202011040924/tools/bin/../lib/gcc/arm-none-eabi/9.3.1/../../../../arm-none-eabi/lib/thumb/v6-m/nofp\libc_nano.a(lib_a-nano-vfprintf_i.o)
                0x000000000800fd30                . = ALIGN (0x4)
 *fill*         0x000000000800fd2f        0x1 

.ARM.extab      0x000000000800fd30        0x0
                0x000000000800fd30                . = ALIGN (0x4)
 *(.ARM.extab* .gnu.linkonce.armextab.*)
                0x000000000800fd30                . = ALIGN (0x4)

.ARM            0x000000000800fd30        0x8
                0x000000000800fd30                . = ALIGN (0x4)
                0x000000000800fd30                __exidx_start = .
 *(.ARM.exidx*)
 .ARM.exidx     0x000000000800fd30        0x8 c:/st/stm32cubeide_1.5.0/stm32cubeide/plugins/com.st.stm32cube.ide.mcu.externaltools.gnu-tools-for-stm32.9-2020-q2-update.win32_1.5.0.202011040924/tools/bin/../lib/gcc/arm-none-eabi/9.3.1/thumb/v6-m/nofp\libgcc.a(_udivmoddi4.o)
                0x000000000800fd38                __exidx_end = .
                0x000000000800fd38                . = ALIGN (0x4)

.rel.dyn        0x000000000800fd38        0x0
 .rel.iplt      0x000000000800fd38        0x0 c:/st/stm32cubeide_1.5.0/stm32cubeide/plugins/com.st.stm32cube.ide.mcu.externaltools.gnu-tools-for-stm32.9-2020-q2-update.win32_1.5.0.202011040924/tools/bin/../lib/gcc/arm-none-eabi/9.3.1/thumb/v6-m/nofp/crtbegin.o

.preinit_array  0x000000000800fd38        0x0
                0x000000000800fd38                . = ALIGN (0x4)
                0x000000000800fd38                PROVIDE (__preinit_array_start = .)
 *(.preinit_array*)
                0x000000000800fd38                PROVIDE (__preinit_array_end = .)
                0x000000000800fd38                . = ALIGN (0x4)

.init_array     0x000000000800fd38        0x4
                0x000000000800fd38                . = ALIGN (0x4)
                0x000000000800fd38                PROVIDE (__init_array_start = .)
 *(SORT_BY_NAME(.init_array.*))
 *(.init_array*)
 .init_array    0x000000000800fd38        0x4 c:/st/stm32cubeide_1.5.0/stm32cubeide/plugins/com.st.stm32cube.ide.mcu.externaltools.gnu-tools-for-stm32.9-2020-q2-update.win32_1.5.0.202011040924/tools/bin/../lib/gcc/arm-none-eabi/9.3.1/thumb/v6-m/nofp/crtbegin.o
                0x000000000800fd3c                PROVIDE (__init_array_end = .)
                0x000000000800fd3c                . = ALIGN (0x4)

.fini_array     0x000000000800fd3c        0x4
                0x000000000800fd3c                . = ALIGN (0x4)
                [!provide]                        PROVIDE (__fini_array_start = .)
 *(SORT_BY_NAME(.fini_array.*))
 *(.fini_array*)
 .fini_array    0x000000000800fd3c        0x4 c:/st/stm32cubeide_1.5.0/stm32cubeide/plugins/com.st.stm32cube.ide.mcu.externaltools.gnu-tools-for-stm32.9-2020-q2-update.win32_1.5.0.202011040924/tools/bin/../lib/gcc/arm-none-eabi/9.3.1/thumb/v6-m/nofp/crtbegin.o
                [!provide]                        PROVIDE (__fini_array_end = .)
                0x000000000800fd40                . = ALIGN (0x4)
                0x000000000800fd40                _sidata = LOADADDR (.data)

.data           0x0000000020000000      0x104 load address 0x000000000800fd40
                0x0000000020000000                . = ALIGN (0x4)
                0x0000000020000000                _sdata = .
 *(.data)
 *(.data*)
 .data.Stat     0x0000000020000000        0x1 Core/Src/diskio.o
 *fill*         0x0000000020000001        0x3 
 .data.epd_cs_pin
                0x0000000020000004        0x8 Core/Src/epdif.o
                0x0000000020000004                epd_cs_pin
 .data.epd_rst_pin
                0x000000002000000c        0x8 Core/Src/epdif.o
                0x000000002000000c                epd_rst_pin
 .data.epd_dc_pin
                0x0000000020000014        0x8 Core/Src/epdif.o
                0x0000000020000014                epd_dc_pin
 .data.epd_busy_pin
                0x000000002000001c        0x8 Core/Src/epdif.o
                0x000000002000001c                epd_busy_pin
 .data.Font12   0x0000000020000024        0x8 Core/Src/font12.o
                0x0000000020000024                Font12
 .data.Font16   0x000000002000002c        0x8 Core/Src/font16.o
                0x000000002000002c                Font16
 .data.Font20   0x0000000020000034        0x8 Core/Src/font20.o
                0x0000000020000034                Font20
 *fill*         0x000000002000003c        0x4 
 .data.pow_const
                0x0000000020000040       0x50 Core/Src/main.o
                0x0000000020000040                pow_const
 .data.disp_refresh
                0x0000000020000090        0x1 Core/Src/main.o
                0x0000000020000090                disp_refresh
 *fill*         0x0000000020000091        0x3 
 .data.SystemCoreClock
                0x0000000020000094        0x4 Core/Src/system_stm32f0xx.o
                0x0000000020000094                SystemCoreClock
 .data.uwTickPrio
                0x0000000020000098        0x4 Drivers/STM32F0xx_HAL_Driver/Src/stm32f0xx_hal.o
                0x0000000020000098                uwTickPrio
 .data.uwTickFreq
                0x000000002000009c        0x1 Drivers/STM32F0xx_HAL_Driver/Src/stm32f0xx_hal.o
                0x000000002000009c                uwTickFreq
 *fill*         0x000000002000009d        0x3 
 .data._impure_ptr
                0x00000000200000a0        0x4 c:/st/stm32cubeide_1.5.0/stm32cubeide/plugins/com.st.stm32cube.ide.mcu.externaltools.gnu-tools-for-stm32.9-2020-q2-update.win32_1.5.0.202011040924/tools/bin/../lib/gcc/arm-none-eabi/9.3.1/../../../../arm-none-eabi/lib/thumb/v6-m/nofp\libc_nano.a(lib_a-impure.o)
                0x00000000200000a0                _impure_ptr
 .data.impure_data
                0x00000000200000a4       0x60 c:/st/stm32cubeide_1.5.0/stm32cubeide/plugins/com.st.stm32cube.ide.mcu.externaltools.gnu-tools-for-stm32.9-2020-q2-update.win32_1.5.0.202011040924/tools/bin/../lib/gcc/arm-none-eabi/9.3.1/../../../../arm-none-eabi/lib/thumb/v6-m/nofp\libc_nano.a(lib_a-impure.o)
 *(.RamFunc)
 *(.RamFunc*)
                0x0000000020000104                . = ALIGN (0x4)
                0x0000000020000104                _edata = .

.igot.plt       0x0000000020000104        0x0 load address 0x000000000800fe44
 .igot.plt      0x0000000020000104        0x0 c:/st/stm32cubeide_1.5.0/stm32cubeide/plugins/com.st.stm32cube.ide.mcu.externaltools.gnu-tools-for-stm32.9-2020-q2-update.win32_1.5.0.202011040924/tools/bin/../lib/gcc/arm-none-eabi/9.3.1/thumb/v6-m/nofp/crtbegin.o
                0x0000000020000104                . = ALIGN (0x4)

.bss            0x0000000020000108     0x5730 load address 0x000000000800fe44
                0x0000000020000108                _sbss = .
                0x0000000020000108                __bss_start__ = _sbss
 *(.bss)
 .bss           0x0000000020000108       0x1c c:/st/stm32cubeide_1.5.0/stm32cubeide/plugins/com.st.stm32cube.ide.mcu.externaltools.gnu-tools-for-stm32.9-2020-q2-update.win32_1.5.0.202011040924/tools/bin/../lib/gcc/arm-none-eabi/9.3.1/thumb/v6-m/nofp/crtbegin.o
 *(.bss*)
 .bss.Timer1    0x0000000020000124        0x4 Core/Src/diskio.o
 .bss.Timer2    0x0000000020000128        0x4 Core/Src/diskio.o
 .bss.CardType  0x000000002000012c        0x1 Core/Src/diskio.o
 *fill*         0x000000002000012d        0x3 
 .bss.FatFs     0x0000000020000130        0x4 Core/Src/ff.o
 .bss.Fsid      0x0000000020000134        0x2 Core/Src/ff.o
 *fill*         0x0000000020000136        0x2 
 .bss.disk      0x0000000020000138        0xc Core/Src/ff_gen_drv.o
                0x0000000020000138                disk
 .bss.rx_complete
                0x0000000020000144        0x1 Core/Src/main.o
                0x0000000020000144                rx_complete
 .bss.BT_flag   0x0000000020000145        0x1 Core/Src/main.o
                0x0000000020000145                BT_flag
 .bss.SD_flag   0x0000000020000146        0x1 Core/Src/main.o
                0x0000000020000146                SD_flag
 .bss.TAG_pointer
                0x0000000020000147        0x1 Core/Src/main.o
                0x0000000020000147                TAG_pointer
 .bss.LED_flag  0x0000000020000148        0x1 Core/Src/main.o
                0x0000000020000148                LED_flag
 .bss.SD_error_flag
                0x0000000020000149        0x1 Core/Src/main.o
                0x0000000020000149                SD_error_flag
 *fill*         0x000000002000014a        0x2 
 .bss.timestamp_button
                0x000000002000014c        0x4 Core/Src/main.o
                0x000000002000014c                timestamp_button
 .bss.timestamp_time
                0x0000000020000150        0x4 Core/Src/main.o
                0x0000000020000150                timestamp_time
 .bss.timestamp_adc
                0x0000000020000154        0x4 Core/Src/main.o
                0x0000000020000154                timestamp_adc
 .bss.timestamp_bt_led
                0x0000000020000158        0x4 Core/Src/main.o
                0x0000000020000158                timestamp_bt_led
 .bss.timestamp_bt_state
                0x000000002000015c        0x4 Core/Src/main.o
                0x000000002000015c                timestamp_bt_state
 .bss.timestamp_LED
                0x0000000020000160        0x4 Core/Src/main.o
                0x0000000020000160                timestamp_LED
 .bss.__sbrk_heap_end
                0x0000000020000164        0x4 Core/Src/sysmem.o
 .bss.__malloc_free_list
                0x0000000020000168        0x4 c:/st/stm32cubeide_1.5.0/stm32cubeide/plugins/com.st.stm32cube.ide.mcu.externaltools.gnu-tools-for-stm32.9-2020-q2-update.win32_1.5.0.202011040924/tools/bin/../lib/gcc/arm-none-eabi/9.3.1/../../../../arm-none-eabi/lib/thumb/v6-m/nofp\libc_nano.a(lib_a-nano-mallocr.o)
                0x0000000020000168                __malloc_free_list
 .bss.__malloc_sbrk_start
                0x000000002000016c        0x4 c:/st/stm32cubeide_1.5.0/stm32cubeide/plugins/com.st.stm32cube.ide.mcu.externaltools.gnu-tools-for-stm32.9-2020-q2-update.win32_1.5.0.202011040924/tools/bin/../lib/gcc/arm-none-eabi/9.3.1/../../../../arm-none-eabi/lib/thumb/v6-m/nofp\libc_nano.a(lib_a-nano-mallocr.o)
                0x000000002000016c                __malloc_sbrk_start
 *(COMMON)
 COMMON         0x0000000020000170        0xf Core/Src/DS3231.o
                0x0000000020000170                RealTime
 *fill*         0x000000002000017f        0x1 
 COMMON         0x0000000020000180       0x20 Core/Src/epdif.o
                0x0000000020000180                pins
 COMMON         0x00000000200001a0     0x5684 Core/Src/main.o
                0x00000000200001a0                hspi2
                0x0000000020000204                hi2c1
                0x0000000020000258                paint
                0x0000000020000268                hiwdg
                0x0000000020000278                SD_Driver
                0x000000002000028c                htim17
                0x00000000200002d4                RX_data
                0x00000000200002f4                RX_Time
                0x0000000020000304                huart5
                0x000000002000038c                epd
                0x00000000200003a8                TAG_ID
                0x0000000020000404                huart1
                0x000000002000048c                SDPath
                0x0000000020000490                SDFatFs
                0x00000000200006c0                MyFile
                0x00000000200008e8                hspi1
                0x000000002000094c                frame_buffer
                0x000000002000576c                String_TAG_ID
                0x000000002000578c                huart2
                0x0000000020005818                sheep_ID
                0x0000000020005820                country_ID
 COMMON         0x0000000020005824        0x4 Drivers/STM32F0xx_HAL_Driver/Src/stm32f0xx_hal.o
                0x0000000020005824                uwTick
 COMMON         0x0000000020005828        0x4 c:/st/stm32cubeide_1.5.0/stm32cubeide/plugins/com.st.stm32cube.ide.mcu.externaltools.gnu-tools-for-stm32.9-2020-q2-update.win32_1.5.0.202011040924/tools/bin/../lib/gcc/arm-none-eabi/9.3.1/../../../../arm-none-eabi/lib/thumb/v6-m/nofp\libc_nano.a(lib_a-reent.o)
                0x0000000020005828                errno
 COMMON         0x000000002000582c        0x9 c:/st/stm32cubeide_1.5.0/stm32cubeide/plugins/com.st.stm32cube.ide.mcu.externaltools.gnu-tools-for-stm32.9-2020-q2-update.win32_1.5.0.202011040924/tools/bin/../lib/gcc/arm-none-eabi/9.3.1/../../../../arm-none-eabi/lib/thumb/v6-m/nofp\libc_nano.a(lib_a-lock.o)
                0x000000002000582c                __lock___atexit_recursive_mutex
                0x000000002000582d                __lock___arc4random_mutex
                0x000000002000582e                __lock___env_recursive_mutex
                0x000000002000582f                __lock___sinit_recursive_mutex
                0x0000000020005830                __lock___malloc_recursive_mutex
                0x0000000020005831                __lock___at_quick_exit_mutex
                0x0000000020005832                __lock___dd_hash_mutex
                0x0000000020005833                __lock___tz_mutex
                0x0000000020005834                __lock___sfp_recursive_mutex
                0x0000000020005838                . = ALIGN (0x4)
 *fill*         0x0000000020005835        0x3 
                0x0000000020005838                _ebss = .
                0x0000000020005838                __bss_end__ = _ebss

._user_heap_stack
                0x0000000020005838      0x600 load address 0x000000000800fe44
                0x0000000020005838                . = ALIGN (0x8)
                [!provide]                        PROVIDE (end = .)
                0x0000000020005838                PROVIDE (_end = .)
                0x0000000020005a38                . = (. + _Min_Heap_Size)
 *fill*         0x0000000020005838      0x200 
                0x0000000020005e38                . = (. + _Min_Stack_Size)
 *fill*         0x0000000020005a38      0x400 
                0x0000000020005e38                . = ALIGN (0x8)

/DISCARD/
 libc.a(*)
 libm.a(*)
 libgcc.a(*)

.ARM.attributes
                0x0000000000000000       0x28
 *(.ARM.attributes)
 .ARM.attributes
                0x0000000000000000       0x1e c:/st/stm32cubeide_1.5.0/stm32cubeide/plugins/com.st.stm32cube.ide.mcu.externaltools.gnu-tools-for-stm32.9-2020-q2-update.win32_1.5.0.202011040924/tools/bin/../lib/gcc/arm-none-eabi/9.3.1/thumb/v6-m/nofp/crti.o
 .ARM.attributes
                0x000000000000001e       0x2c c:/st/stm32cubeide_1.5.0/stm32cubeide/plugins/com.st.stm32cube.ide.mcu.externaltools.gnu-tools-for-stm32.9-2020-q2-update.win32_1.5.0.202011040924/tools/bin/../lib/gcc/arm-none-eabi/9.3.1/thumb/v6-m/nofp/crtbegin.o
 .ARM.attributes
                0x000000000000004a       0x2c Core/Src/DS3231.o
 .ARM.attributes
                0x0000000000000076       0x2c Core/Src/bq25890.o
 .ARM.attributes
                0x00000000000000a2       0x2c Core/Src/calc_country_ID.o
 .ARM.attributes
                0x00000000000000ce       0x2c Core/Src/diskio.o
 .ARM.attributes
                0x00000000000000fa       0x2c Core/Src/epd1in54.o
 .ARM.attributes
                0x0000000000000126       0x2c Core/Src/epdif.o
 .ARM.attributes
                0x0000000000000152       0x2c Core/Src/epdpaint.o
 .ARM.attributes
                0x000000000000017e       0x2c Core/Src/ff.o
 .ARM.attributes
                0x00000000000001aa       0x2c Core/Src/ff_gen_drv.o
 .ARM.attributes
                0x00000000000001d6       0x31 Core/Src/font12.o
 .ARM.attributes
                0x0000000000000207       0x31 Core/Src/font16.o
 .ARM.attributes
                0x0000000000000238       0x31 Core/Src/font20.o
 .ARM.attributes
                0x0000000000000269       0x31 Core/Src/imagedata.o
 .ARM.attributes
                0x000000000000029a       0x2c Core/Src/main.o
 .ARM.attributes
                0x00000000000002c6       0x2c Core/Src/stm32f0xx_hal_msp.o
 .ARM.attributes
                0x00000000000002f2       0x2c Core/Src/stm32f0xx_it.o
 .ARM.attributes
                0x000000000000031e       0x2c Core/Src/sysmem.o
 .ARM.attributes
                0x000000000000034a       0x2c Core/Src/system_stm32f0xx.o
 .ARM.attributes
                0x0000000000000376       0x21 Core/Startup/startup_stm32f030cctx.o
 .ARM.attributes
                0x0000000000000397       0x2c Drivers/STM32F0xx_HAL_Driver/Src/stm32f0xx_hal.o
 .ARM.attributes
                0x00000000000003c3       0x2c Drivers/STM32F0xx_HAL_Driver/Src/stm32f0xx_hal_cortex.o
 .ARM.attributes
                0x00000000000003ef       0x2c Drivers/STM32F0xx_HAL_Driver/Src/stm32f0xx_hal_dma.o
 .ARM.attributes
                0x000000000000041b       0x2c Drivers/STM32F0xx_HAL_Driver/Src/stm32f0xx_hal_gpio.o
 .ARM.attributes
                0x0000000000000447       0x2c Drivers/STM32F0xx_HAL_Driver/Src/stm32f0xx_hal_i2c.o
 .ARM.attributes
                0x0000000000000473       0x2c Drivers/STM32F0xx_HAL_Driver/Src/stm32f0xx_hal_i2c_ex.o
 .ARM.attributes
                0x000000000000049f       0x2c Drivers/STM32F0xx_HAL_Driver/Src/stm32f0xx_hal_iwdg.o
 .ARM.attributes
                0x00000000000004cb       0x2c Drivers/STM32F0xx_HAL_Driver/Src/stm32f0xx_hal_rcc.o
 .ARM.attributes
                0x00000000000004f7       0x2c Drivers/STM32F0xx_HAL_Driver/Src/stm32f0xx_hal_rcc_ex.o
 .ARM.attributes
                0x0000000000000523       0x2c Drivers/STM32F0xx_HAL_Driver/Src/stm32f0xx_hal_spi.o
 .ARM.attributes
                0x000000000000054f       0x2c Drivers/STM32F0xx_HAL_Driver/Src/stm32f0xx_hal_tim.o
 .ARM.attributes
                0x000000000000057b       0x2c Drivers/STM32F0xx_HAL_Driver/Src/stm32f0xx_hal_uart.o
 .ARM.attributes
                0x00000000000005a7       0x2c c:/st/stm32cubeide_1.5.0/stm32cubeide/plugins/com.st.stm32cube.ide.mcu.externaltools.gnu-tools-for-stm32.9-2020-q2-update.win32_1.5.0.202011040924/tools/bin/../lib/gcc/arm-none-eabi/9.3.1/../../../../arm-none-eabi/lib/thumb/v6-m/nofp\libc_nano.a(lib_a-errno.o)
 .ARM.attributes
                0x00000000000005d3       0x2c c:/st/stm32cubeide_1.5.0/stm32cubeide/plugins/com.st.stm32cube.ide.mcu.externaltools.gnu-tools-for-stm32.9-2020-q2-update.win32_1.5.0.202011040924/tools/bin/../lib/gcc/arm-none-eabi/9.3.1/../../../../arm-none-eabi/lib/thumb/v6-m/nofp\libc_nano.a(lib_a-impure.o)
 .ARM.attributes
                0x00000000000005ff       0x2c c:/st/stm32cubeide_1.5.0/stm32cubeide/plugins/com.st.stm32cube.ide.mcu.externaltools.gnu-tools-for-stm32.9-2020-q2-update.win32_1.5.0.202011040924/tools/bin/../lib/gcc/arm-none-eabi/9.3.1/../../../../arm-none-eabi/lib/thumb/v6-m/nofp\libc_nano.a(lib_a-init.o)
 .ARM.attributes
                0x000000000000062b       0x2c c:/st/stm32cubeide_1.5.0/stm32cubeide/plugins/com.st.stm32cube.ide.mcu.externaltools.gnu-tools-for-stm32.9-2020-q2-update.win32_1.5.0.202011040924/tools/bin/../lib/gcc/arm-none-eabi/9.3.1/../../../../arm-none-eabi/lib/thumb/v6-m/nofp\libc_nano.a(lib_a-memset.o)
 .ARM.attributes
                0x0000000000000657       0x2c c:/st/stm32cubeide_1.5.0/stm32cubeide/plugins/com.st.stm32cube.ide.mcu.externaltools.gnu-tools-for-stm32.9-2020-q2-update.win32_1.5.0.202011040924/tools/bin/../lib/gcc/arm-none-eabi/9.3.1/../../../../arm-none-eabi/lib/thumb/v6-m/nofp\libc_nano.a(lib_a-sprintf.o)
 .ARM.attributes
                0x0000000000000683       0x1c c:/st/stm32cubeide_1.5.0/stm32cubeide/plugins/com.st.stm32cube.ide.mcu.externaltools.gnu-tools-for-stm32.9-2020-q2-update.win32_1.5.0.202011040924/tools/bin/../lib/gcc/arm-none-eabi/9.3.1/../../../../arm-none-eabi/lib/thumb/v6-m/nofp\libc_nano.a(lib_a-strlen.o)
 .ARM.attributes
                0x000000000000069f       0x2c c:/st/stm32cubeide_1.5.0/stm32cubeide/plugins/com.st.stm32cube.ide.mcu.externaltools.gnu-tools-for-stm32.9-2020-q2-update.win32_1.5.0.202011040924/tools/bin/../lib/gcc/arm-none-eabi/9.3.1/../../../../arm-none-eabi/lib/thumb/v6-m/nofp\libc_nano.a(lib_a-nano-svfprintf.o)
 .ARM.attributes
                0x00000000000006cb       0x2c c:/st/stm32cubeide_1.5.0/stm32cubeide/plugins/com.st.stm32cube.ide.mcu.externaltools.gnu-tools-for-stm32.9-2020-q2-update.win32_1.5.0.202011040924/tools/bin/../lib/gcc/arm-none-eabi/9.3.1/../../../../arm-none-eabi/lib/thumb/v6-m/nofp\libc_nano.a(lib_a-nano-vfprintf_i.o)
 .ARM.attributes
                0x00000000000006f7       0x2c c:/st/stm32cubeide_1.5.0/stm32cubeide/plugins/com.st.stm32cube.ide.mcu.externaltools.gnu-tools-for-stm32.9-2020-q2-update.win32_1.5.0.202011040924/tools/bin/../lib/gcc/arm-none-eabi/9.3.1/../../../../arm-none-eabi/lib/thumb/v6-m/nofp\libc_nano.a(lib_a-memchr-stub.o)
 .ARM.attributes
                0x0000000000000723       0x2c c:/st/stm32cubeide_1.5.0/stm32cubeide/plugins/com.st.stm32cube.ide.mcu.externaltools.gnu-tools-for-stm32.9-2020-q2-update.win32_1.5.0.202011040924/tools/bin/../lib/gcc/arm-none-eabi/9.3.1/../../../../arm-none-eabi/lib/thumb/v6-m/nofp\libc_nano.a(lib_a-memcpy-stub.o)
 .ARM.attributes
                0x000000000000074f       0x2c c:/st/stm32cubeide_1.5.0/stm32cubeide/plugins/com.st.stm32cube.ide.mcu.externaltools.gnu-tools-for-stm32.9-2020-q2-update.win32_1.5.0.202011040924/tools/bin/../lib/gcc/arm-none-eabi/9.3.1/../../../../arm-none-eabi/lib/thumb/v6-m/nofp\libc_nano.a(lib_a-memmove.o)
 .ARM.attributes
                0x000000000000077b       0x2c c:/st/stm32cubeide_1.5.0/stm32cubeide/plugins/com.st.stm32cube.ide.mcu.externaltools.gnu-tools-for-stm32.9-2020-q2-update.win32_1.5.0.202011040924/tools/bin/../lib/gcc/arm-none-eabi/9.3.1/../../../../arm-none-eabi/lib/thumb/v6-m/nofp\libc_nano.a(lib_a-nano-freer.o)
 .ARM.attributes
                0x00000000000007a7       0x2c c:/st/stm32cubeide_1.5.0/stm32cubeide/plugins/com.st.stm32cube.ide.mcu.externaltools.gnu-tools-for-stm32.9-2020-q2-update.win32_1.5.0.202011040924/tools/bin/../lib/gcc/arm-none-eabi/9.3.1/../../../../arm-none-eabi/lib/thumb/v6-m/nofp\libc_nano.a(lib_a-nano-mallocr.o)
 .ARM.attributes
                0x00000000000007d3       0x2c c:/st/stm32cubeide_1.5.0/stm32cubeide/plugins/com.st.stm32cube.ide.mcu.externaltools.gnu-tools-for-stm32.9-2020-q2-update.win32_1.5.0.202011040924/tools/bin/../lib/gcc/arm-none-eabi/9.3.1/../../../../arm-none-eabi/lib/thumb/v6-m/nofp\libc_nano.a(lib_a-nano-reallocr.o)
 .ARM.attributes
                0x00000000000007ff       0x2c c:/st/stm32cubeide_1.5.0/stm32cubeide/plugins/com.st.stm32cube.ide.mcu.externaltools.gnu-tools-for-stm32.9-2020-q2-update.win32_1.5.0.202011040924/tools/bin/../lib/gcc/arm-none-eabi/9.3.1/../../../../arm-none-eabi/lib/thumb/v6-m/nofp\libc_nano.a(lib_a-sbrkr.o)
 .ARM.attributes
                0x000000000000082b       0x2c c:/st/stm32cubeide_1.5.0/stm32cubeide/plugins/com.st.stm32cube.ide.mcu.externaltools.gnu-tools-for-stm32.9-2020-q2-update.win32_1.5.0.202011040924/tools/bin/../lib/gcc/arm-none-eabi/9.3.1/../../../../arm-none-eabi/lib/thumb/v6-m/nofp\libc_nano.a(lib_a-mlock.o)
 .ARM.attributes
                0x0000000000000857       0x2c c:/st/stm32cubeide_1.5.0/stm32cubeide/plugins/com.st.stm32cube.ide.mcu.externaltools.gnu-tools-for-stm32.9-2020-q2-update.win32_1.5.0.202011040924/tools/bin/../lib/gcc/arm-none-eabi/9.3.1/../../../../arm-none-eabi/lib/thumb/v6-m/nofp\libc_nano.a(lib_a-nano-msizer.o)
 .ARM.attributes
                0x0000000000000883       0x2c c:/st/stm32cubeide_1.5.0/stm32cubeide/plugins/com.st.stm32cube.ide.mcu.externaltools.gnu-tools-for-stm32.9-2020-q2-update.win32_1.5.0.202011040924/tools/bin/../lib/gcc/arm-none-eabi/9.3.1/../../../../arm-none-eabi/lib/thumb/v6-m/nofp\libc_nano.a(lib_a-reent.o)
 .ARM.attributes
                0x00000000000008af       0x2c c:/st/stm32cubeide_1.5.0/stm32cubeide/plugins/com.st.stm32cube.ide.mcu.externaltools.gnu-tools-for-stm32.9-2020-q2-update.win32_1.5.0.202011040924/tools/bin/../lib/gcc/arm-none-eabi/9.3.1/../../../../arm-none-eabi/lib/thumb/v6-m/nofp\libc_nano.a(lib_a-lock.o)
 .ARM.attributes
                0x00000000000008db       0x1e c:/st/stm32cubeide_1.5.0/stm32cubeide/plugins/com.st.stm32cube.ide.mcu.externaltools.gnu-tools-for-stm32.9-2020-q2-update.win32_1.5.0.202011040924/tools/bin/../lib/gcc/arm-none-eabi/9.3.1/thumb/v6-m/nofp\libgcc.a(_thumb1_case_shi.o)
 .ARM.attributes
                0x00000000000008f9       0x1e c:/st/stm32cubeide_1.5.0/stm32cubeide/plugins/com.st.stm32cube.ide.mcu.externaltools.gnu-tools-for-stm32.9-2020-q2-update.win32_1.5.0.202011040924/tools/bin/../lib/gcc/arm-none-eabi/9.3.1/thumb/v6-m/nofp\libgcc.a(_udivsi3.o)
 .ARM.attributes
                0x0000000000000917       0x1e c:/st/stm32cubeide_1.5.0/stm32cubeide/plugins/com.st.stm32cube.ide.mcu.externaltools.gnu-tools-for-stm32.9-2020-q2-update.win32_1.5.0.202011040924/tools/bin/../lib/gcc/arm-none-eabi/9.3.1/thumb/v6-m/nofp\libgcc.a(_divsi3.o)
 .ARM.attributes
                0x0000000000000935       0x1e c:/st/stm32cubeide_1.5.0/stm32cubeide/plugins/com.st.stm32cube.ide.mcu.externaltools.gnu-tools-for-stm32.9-2020-q2-update.win32_1.5.0.202011040924/tools/bin/../lib/gcc/arm-none-eabi/9.3.1/thumb/v6-m/nofp\libgcc.a(_dvmd_tls.o)
 .ARM.attributes
                0x0000000000000953       0x1e c:/st/stm32cubeide_1.5.0/stm32cubeide/plugins/com.st.stm32cube.ide.mcu.externaltools.gnu-tools-for-stm32.9-2020-q2-update.win32_1.5.0.202011040924/tools/bin/../lib/gcc/arm-none-eabi/9.3.1/thumb/v6-m/nofp\libgcc.a(_aeabi_uldivmod.o)
 .ARM.attributes
                0x0000000000000971       0x2c c:/st/stm32cubeide_1.5.0/stm32cubeide/plugins/com.st.stm32cube.ide.mcu.externaltools.gnu-tools-for-stm32.9-2020-q2-update.win32_1.5.0.202011040924/tools/bin/../lib/gcc/arm-none-eabi/9.3.1/thumb/v6-m/nofp\libgcc.a(_muldi3.o)
 .ARM.attributes
                0x000000000000099d       0x2c c:/st/stm32cubeide_1.5.0/stm32cubeide/plugins/com.st.stm32cube.ide.mcu.externaltools.gnu-tools-for-stm32.9-2020-q2-update.win32_1.5.0.202011040924/tools/bin/../lib/gcc/arm-none-eabi/9.3.1/thumb/v6-m/nofp\libgcc.a(_udivmoddi4.o)
 .ARM.attributes
                0x00000000000009c9       0x1e c:/st/stm32cubeide_1.5.0/stm32cubeide/plugins/com.st.stm32cube.ide.mcu.externaltools.gnu-tools-for-stm32.9-2020-q2-update.win32_1.5.0.202011040924/tools/bin/../lib/gcc/arm-none-eabi/9.3.1/thumb/v6-m/nofp\libgcc.a(_clzdi2.o)
 .ARM.attributes
                0x00000000000009e7       0x1e c:/st/stm32cubeide_1.5.0/stm32cubeide/plugins/com.st.stm32cube.ide.mcu.externaltools.gnu-tools-for-stm32.9-2020-q2-update.win32_1.5.0.202011040924/tools/bin/../lib/gcc/arm-none-eabi/9.3.1/thumb/v6-m/nofp\libgcc.a(_clzsi2.o)
 .ARM.attributes
                0x0000000000000a05       0x1e c:/st/stm32cubeide_1.5.0/stm32cubeide/plugins/com.st.stm32cube.ide.mcu.externaltools.gnu-tools-for-stm32.9-2020-q2-update.win32_1.5.0.202011040924/tools/bin/../lib/gcc/arm-none-eabi/9.3.1/thumb/v6-m/nofp/crtn.o
OUTPUT(RFID_hand_reader_01.elf elf32-littlearm)
LOAD linker stubs
LOAD c:/st/stm32cubeide_1.5.0/stm32cubeide/plugins/com.st.stm32cube.ide.mcu.externaltools.gnu-tools-for-stm32.9-2020-q2-update.win32_1.5.0.202011040924/tools/bin/../lib/gcc/arm-none-eabi/9.3.1/../../../../arm-none-eabi/lib/thumb/v6-m/nofp\libc.a
LOAD c:/st/stm32cubeide_1.5.0/stm32cubeide/plugins/com.st.stm32cube.ide.mcu.externaltools.gnu-tools-for-stm32.9-2020-q2-update.win32_1.5.0.202011040924/tools/bin/../lib/gcc/arm-none-eabi/9.3.1/../../../../arm-none-eabi/lib/thumb/v6-m/nofp\libm.a
LOAD c:/st/stm32cubeide_1.5.0/stm32cubeide/plugins/com.st.stm32cube.ide.mcu.externaltools.gnu-tools-for-stm32.9-2020-q2-update.win32_1.5.0.202011040924/tools/bin/../lib/gcc/arm-none-eabi/9.3.1/thumb/v6-m/nofp\libgcc.a

.debug_info     0x0000000000000000    0x19c9a
 .debug_info    0x0000000000000000      0x9e9 Core/Src/DS3231.o
 .debug_info    0x00000000000009e9      0x890 Core/Src/bq25890.o
 .debug_info    0x0000000000001279      0x190 Core/Src/calc_country_ID.o
 .debug_info    0x0000000000001409      0xced Core/Src/diskio.o
 .debug_info    0x00000000000020f6      0xf4a Core/Src/epd1in54.o
 .debug_info    0x0000000000003040      0x89e Core/Src/epdif.o
 .debug_info    0x00000000000038de      0xb64 Core/Src/epdpaint.o
 .debug_info    0x0000000000004442     0x1b26 Core/Src/ff.o
 .debug_info    0x0000000000005f68      0x46e Core/Src/ff_gen_drv.o
 .debug_info    0x00000000000063d6      0x157 Core/Src/font12.o
 .debug_info    0x000000000000652d      0x157 Core/Src/font16.o
 .debug_info    0x0000000000006684      0x157 Core/Src/font20.o
 .debug_info    0x00000000000067db      0x247 Core/Src/imagedata.o
 .debug_info    0x0000000000006a22     0x2d7c Core/Src/main.o
 .debug_info    0x000000000000979e     0x160f Core/Src/stm32f0xx_hal_msp.o
 .debug_info    0x000000000000adad      0x7e4 Core/Src/stm32f0xx_it.o
 .debug_info    0x000000000000b591      0xa25 Core/Src/sysmem.o
 .debug_info    0x000000000000bfb6      0x2c3 Core/Src/system_stm32f0xx.o
 .debug_info    0x000000000000c279       0x22 Core/Startup/startup_stm32f030cctx.o
 .debug_info    0x000000000000c29b      0x6e8 Drivers/STM32F0xx_HAL_Driver/Src/stm32f0xx_hal.o
 .debug_info    0x000000000000c983      0x7ca Drivers/STM32F0xx_HAL_Driver/Src/stm32f0xx_hal_cortex.o
 .debug_info    0x000000000000d14d      0x834 Drivers/STM32F0xx_HAL_Driver/Src/stm32f0xx_hal_dma.o
 .debug_info    0x000000000000d981      0x6d9 Drivers/STM32F0xx_HAL_Driver/Src/stm32f0xx_hal_gpio.o
 .debug_info    0x000000000000e05a     0x22dc Drivers/STM32F0xx_HAL_Driver/Src/stm32f0xx_hal_i2c.o
 .debug_info    0x0000000000010336      0x937 Drivers/STM32F0xx_HAL_Driver/Src/stm32f0xx_hal_i2c_ex.o
 .debug_info    0x0000000000010c6d      0x2c1 Drivers/STM32F0xx_HAL_Driver/Src/stm32f0xx_hal_iwdg.o
 .debug_info    0x0000000000010f2e      0x891 Drivers/STM32F0xx_HAL_Driver/Src/stm32f0xx_hal_rcc.o
 .debug_info    0x00000000000117bf      0x401 Drivers/STM32F0xx_HAL_Driver/Src/stm32f0xx_hal_rcc_ex.o
 .debug_info    0x0000000000011bc0     0x17d3 Drivers/STM32F0xx_HAL_Driver/Src/stm32f0xx_hal_spi.o
 .debug_info    0x0000000000013393     0x2c0b Drivers/STM32F0xx_HAL_Driver/Src/stm32f0xx_hal_tim.o
 .debug_info    0x0000000000015f9e     0x3cfc Drivers/STM32F0xx_HAL_Driver/Src/stm32f0xx_hal_uart.o

.debug_abbrev   0x0000000000000000     0x3863
 .debug_abbrev  0x0000000000000000      0x1ce Core/Src/DS3231.o
 .debug_abbrev  0x00000000000001ce      0x1bf Core/Src/bq25890.o
 .debug_abbrev  0x000000000000038d       0xd2 Core/Src/calc_country_ID.o
 .debug_abbrev  0x000000000000045f      0x2c0 Core/Src/diskio.o
 .debug_abbrev  0x000000000000071f      0x27d Core/Src/epd1in54.o
 .debug_abbrev  0x000000000000099c      0x1d4 Core/Src/epdif.o
 .debug_abbrev  0x0000000000000b70      0x1da Core/Src/epdpaint.o
 .debug_abbrev  0x0000000000000d4a      0x1c6 Core/Src/ff.o
 .debug_abbrev  0x0000000000000f10      0x1bc Core/Src/ff_gen_drv.o
 .debug_abbrev  0x00000000000010cc       0xb1 Core/Src/font12.o
 .debug_abbrev  0x000000000000117d       0xb1 Core/Src/font16.o
 .debug_abbrev  0x000000000000122e       0xb1 Core/Src/font20.o
 .debug_abbrev  0x00000000000012df       0xbd Core/Src/imagedata.o
 .debug_abbrev  0x000000000000139c      0x432 Core/Src/main.o
 .debug_abbrev  0x00000000000017ce      0x22d Core/Src/stm32f0xx_hal_msp.o
 .debug_abbrev  0x00000000000019fb      0x174 Core/Src/stm32f0xx_it.o
 .debug_abbrev  0x0000000000001b6f      0x1bf Core/Src/sysmem.o
 .debug_abbrev  0x0000000000001d2e      0x145 Core/Src/system_stm32f0xx.o
 .debug_abbrev  0x0000000000001e73       0x12 Core/Startup/startup_stm32f030cctx.o
 .debug_abbrev  0x0000000000001e85      0x21e Drivers/STM32F0xx_HAL_Driver/Src/stm32f0xx_hal.o
 .debug_abbrev  0x00000000000020a3      0x2a9 Drivers/STM32F0xx_HAL_Driver/Src/stm32f0xx_hal_cortex.o
 .debug_abbrev  0x000000000000234c      0x213 Drivers/STM32F0xx_HAL_Driver/Src/stm32f0xx_hal_dma.o
 .debug_abbrev  0x000000000000255f      0x1e8 Drivers/STM32F0xx_HAL_Driver/Src/stm32f0xx_hal_gpio.o
 .debug_abbrev  0x0000000000002747      0x267 Drivers/STM32F0xx_HAL_Driver/Src/stm32f0xx_hal_i2c.o
 .debug_abbrev  0x00000000000029ae      0x1ee Drivers/STM32F0xx_HAL_Driver/Src/stm32f0xx_hal_i2c_ex.o
 .debug_abbrev  0x0000000000002b9c      0x174 Drivers/STM32F0xx_HAL_Driver/Src/stm32f0xx_hal_iwdg.o
 .debug_abbrev  0x0000000000002d10      0x23b Drivers/STM32F0xx_HAL_Driver/Src/stm32f0xx_hal_rcc.o
 .debug_abbrev  0x0000000000002f4b      0x193 Drivers/STM32F0xx_HAL_Driver/Src/stm32f0xx_hal_rcc_ex.o
 .debug_abbrev  0x00000000000030de      0x254 Drivers/STM32F0xx_HAL_Driver/Src/stm32f0xx_hal_spi.o
 .debug_abbrev  0x0000000000003332      0x26f Drivers/STM32F0xx_HAL_Driver/Src/stm32f0xx_hal_tim.o
 .debug_abbrev  0x00000000000035a1      0x2c2 Drivers/STM32F0xx_HAL_Driver/Src/stm32f0xx_hal_uart.o

.debug_aranges  0x0000000000000000     0x1508
 .debug_aranges
                0x0000000000000000       0x50 Core/Src/DS3231.o
 .debug_aranges
                0x0000000000000050       0x40 Core/Src/bq25890.o
 .debug_aranges
                0x0000000000000090       0x20 Core/Src/calc_country_ID.o
 .debug_aranges
                0x00000000000000b0       0x98 Core/Src/diskio.o
 .debug_aranges
                0x0000000000000148       0x90 Core/Src/epd1in54.o
 .debug_aranges
                0x00000000000001d8       0x40 Core/Src/epdif.o
 .debug_aranges
                0x0000000000000218       0xd0 Core/Src/epdpaint.o
 .debug_aranges
                0x00000000000002e8      0x1a0 Core/Src/ff.o
 .debug_aranges
                0x0000000000000488       0x40 Core/Src/ff_gen_drv.o
 .debug_aranges
                0x00000000000004c8       0x18 Core/Src/font12.o
 .debug_aranges
                0x00000000000004e0       0x18 Core/Src/font16.o
 .debug_aranges
                0x00000000000004f8       0x18 Core/Src/font20.o
 .debug_aranges
                0x0000000000000510       0x18 Core/Src/imagedata.o
 .debug_aranges
                0x0000000000000528       0xd0 Core/Src/main.o
 .debug_aranges
                0x00000000000005f8       0x60 Core/Src/stm32f0xx_hal_msp.o
 .debug_aranges
                0x0000000000000658       0x60 Core/Src/stm32f0xx_it.o
 .debug_aranges
                0x00000000000006b8       0x20 Core/Src/sysmem.o
 .debug_aranges
                0x00000000000006d8       0x28 Core/Src/system_stm32f0xx.o
 .debug_aranges
                0x0000000000000700       0x28 Core/Startup/startup_stm32f030cctx.o
 .debug_aranges
                0x0000000000000728       0xd0 Drivers/STM32F0xx_HAL_Driver/Src/stm32f0xx_hal.o
 .debug_aranges
                0x00000000000007f8       0xc0 Drivers/STM32F0xx_HAL_Driver/Src/stm32f0xx_hal_cortex.o
 .debug_aranges
                0x00000000000008b8       0x88 Drivers/STM32F0xx_HAL_Driver/Src/stm32f0xx_hal_dma.o
 .debug_aranges
                0x0000000000000940       0x58 Drivers/STM32F0xx_HAL_Driver/Src/stm32f0xx_hal_gpio.o
 .debug_aranges
                0x0000000000000998      0x2a0 Drivers/STM32F0xx_HAL_Driver/Src/stm32f0xx_hal_i2c.o
 .debug_aranges
                0x0000000000000c38       0x38 Drivers/STM32F0xx_HAL_Driver/Src/stm32f0xx_hal_i2c_ex.o
 .debug_aranges
                0x0000000000000c70       0x28 Drivers/STM32F0xx_HAL_Driver/Src/stm32f0xx_hal_iwdg.o
 .debug_aranges
                0x0000000000000c98       0x80 Drivers/STM32F0xx_HAL_Driver/Src/stm32f0xx_hal_rcc.o
 .debug_aranges
                0x0000000000000d18       0x30 Drivers/STM32F0xx_HAL_Driver/Src/stm32f0xx_hal_rcc_ex.o
 .debug_aranges
                0x0000000000000d48      0x1d8 Drivers/STM32F0xx_HAL_Driver/Src/stm32f0xx_hal_spi.o
 .debug_aranges
                0x0000000000000f20      0x3d0 Drivers/STM32F0xx_HAL_Driver/Src/stm32f0xx_hal_tim.o
 .debug_aranges
                0x00000000000012f0      0x218 Drivers/STM32F0xx_HAL_Driver/Src/stm32f0xx_hal_uart.o

.debug_ranges   0x0000000000000000     0x1330
 .debug_ranges  0x0000000000000000       0x40 Core/Src/DS3231.o
 .debug_ranges  0x0000000000000040       0x30 Core/Src/bq25890.o
 .debug_ranges  0x0000000000000070       0x10 Core/Src/calc_country_ID.o
 .debug_ranges  0x0000000000000080       0x88 Core/Src/diskio.o
 .debug_ranges  0x0000000000000108       0x80 Core/Src/epd1in54.o
 .debug_ranges  0x0000000000000188       0x30 Core/Src/epdif.o
 .debug_ranges  0x00000000000001b8       0xc0 Core/Src/epdpaint.o
 .debug_ranges  0x0000000000000278      0x190 Core/Src/ff.o
 .debug_ranges  0x0000000000000408       0x30 Core/Src/ff_gen_drv.o
 .debug_ranges  0x0000000000000438       0xc0 Core/Src/main.o
 .debug_ranges  0x00000000000004f8       0x50 Core/Src/stm32f0xx_hal_msp.o
 .debug_ranges  0x0000000000000548       0x50 Core/Src/stm32f0xx_it.o
 .debug_ranges  0x0000000000000598       0x10 Core/Src/sysmem.o
 .debug_ranges  0x00000000000005a8       0x18 Core/Src/system_stm32f0xx.o
 .debug_ranges  0x00000000000005c0       0x20 Core/Startup/startup_stm32f030cctx.o
 .debug_ranges  0x00000000000005e0       0xc0 Drivers/STM32F0xx_HAL_Driver/Src/stm32f0xx_hal.o
 .debug_ranges  0x00000000000006a0       0xb0 Drivers/STM32F0xx_HAL_Driver/Src/stm32f0xx_hal_cortex.o
 .debug_ranges  0x0000000000000750       0x78 Drivers/STM32F0xx_HAL_Driver/Src/stm32f0xx_hal_dma.o
 .debug_ranges  0x00000000000007c8       0x48 Drivers/STM32F0xx_HAL_Driver/Src/stm32f0xx_hal_gpio.o
 .debug_ranges  0x0000000000000810      0x290 Drivers/STM32F0xx_HAL_Driver/Src/stm32f0xx_hal_i2c.o
 .debug_ranges  0x0000000000000aa0       0x28 Drivers/STM32F0xx_HAL_Driver/Src/stm32f0xx_hal_i2c_ex.o
 .debug_ranges  0x0000000000000ac8       0x18 Drivers/STM32F0xx_HAL_Driver/Src/stm32f0xx_hal_iwdg.o
 .debug_ranges  0x0000000000000ae0       0x70 Drivers/STM32F0xx_HAL_Driver/Src/stm32f0xx_hal_rcc.o
 .debug_ranges  0x0000000000000b50       0x20 Drivers/STM32F0xx_HAL_Driver/Src/stm32f0xx_hal_rcc_ex.o
 .debug_ranges  0x0000000000000b70      0x1c8 Drivers/STM32F0xx_HAL_Driver/Src/stm32f0xx_hal_spi.o
 .debug_ranges  0x0000000000000d38      0x3c0 Drivers/STM32F0xx_HAL_Driver/Src/stm32f0xx_hal_tim.o
 .debug_ranges  0x00000000000010f8      0x238 Drivers/STM32F0xx_HAL_Driver/Src/stm32f0xx_hal_uart.o

.debug_macro    0x0000000000000000    0x146fe
 .debug_macro   0x0000000000000000      0x1f1 Core/Src/DS3231.o
 .debug_macro   0x00000000000001f1      0xa7e Core/Src/DS3231.o
 .debug_macro   0x0000000000000c6f      0x13f Core/Src/DS3231.o
 .debug_macro   0x0000000000000dae       0x2e Core/Src/DS3231.o
 .debug_macro   0x0000000000000ddc       0x22 Core/Src/DS3231.o
 .debug_macro   0x0000000000000dfe       0x22 Core/Src/DS3231.o
 .debug_macro   0x0000000000000e20       0x8e Core/Src/DS3231.o
 .debug_macro   0x0000000000000eae       0x51 Core/Src/DS3231.o
 .debug_macro   0x0000000000000eff      0x103 Core/Src/DS3231.o
 .debug_macro   0x0000000000001002       0x6a Core/Src/DS3231.o
 .debug_macro   0x000000000000106c      0x1df Core/Src/DS3231.o
 .debug_macro   0x000000000000124b       0x1c Core/Src/DS3231.o
 .debug_macro   0x0000000000001267       0x22 Core/Src/DS3231.o
 .debug_macro   0x0000000000001289       0xb5 Core/Src/DS3231.o
 .debug_macro   0x000000000000133e      0x391 Core/Src/DS3231.o
 .debug_macro   0x00000000000016cf     0x785b Core/Src/DS3231.o
 .debug_macro   0x0000000000008f2a       0x66 Core/Src/DS3231.o
 .debug_macro   0x0000000000008f90     0x34be Core/Src/DS3231.o
 .debug_macro   0x000000000000c44e      0x174 Core/Src/DS3231.o
 .debug_macro   0x000000000000c5c2       0x55 Core/Src/DS3231.o
 .debug_macro   0x000000000000c617      0x924 Core/Src/DS3231.o
 .debug_macro   0x000000000000cf3b      0x289 Core/Src/DS3231.o
 .debug_macro   0x000000000000d1c4      0x1ae Core/Src/DS3231.o
 .debug_macro   0x000000000000d372      0x153 Core/Src/DS3231.o
 .debug_macro   0x000000000000d4c5      0x1a0 Core/Src/DS3231.o
 .debug_macro   0x000000000000d665      0x1bc Core/Src/DS3231.o
 .debug_macro   0x000000000000d821      0x1dd Core/Src/DS3231.o
 .debug_macro   0x000000000000d9fe       0x3c Core/Src/DS3231.o
 .debug_macro   0x000000000000da3a       0x28 Core/Src/DS3231.o
 .debug_macro   0x000000000000da62       0xb0 Core/Src/DS3231.o
 .debug_macro   0x000000000000db12      0x217 Core/Src/DS3231.o
 .debug_macro   0x000000000000dd29      0x22c Core/Src/DS3231.o
 .debug_macro   0x000000000000df55       0x61 Core/Src/DS3231.o
 .debug_macro   0x000000000000dfb6       0xa5 Core/Src/DS3231.o