diskio.c:95:6:init_spi	8	static
diskio.c:109:6:xchg_spi	24	static
diskio.c:124:6:rcvr_spi_multi	48	static
diskio.c:175:6:xmit_spi_multi	48	static
diskio.c:230:5:wait_ready	32	static
diskio.c:253:6:deselect	8	static
diskio.c:268:5:_select	8	static
diskio.c:286:5:rcvr_datablock	32	static
diskio.c:315:5:xmit_datablock	32	static
diskio.c:344:6:send_cmd	32	static
diskio.c:398:9:disk_initialize	32	static
diskio.c:455:9:disk_status	16	static
diskio.c:470:9:disk_read	24	static
diskio.c:508:9:disk_write	24	static
diskio.c:549:9:disk_ioctl	64	static
diskio.c:636:6:disk_timerproc	16	static
