epdpaint.c:30:6:Paint_Init	24	static
epdpaint.c:41:6:Paint_Clear	24	static
epdpaint.c:53:6:Paint_DrawAbsolutePixel	24	static
epdpaint.c:72:9:Paint_CheckAbsolutePixel	24	static
epdpaint.c:83:16:Paint_GetImage	16	static
epdpaint.c:87:5:Paint_GetWidth	16	static
epdpaint.c:91:6:Paint_SetWidth	16	static
epdpaint.c:95:5:Paint_GetHeight	16	static
epdpaint.c:99:6:Paint_SetHeight	16	static
epdpaint.c:103:5:Paint_GetRotate	16	static
epdpaint.c:107:6:Paint_SetRotate	16	static
epdpaint.c:114:6:Paint_DrawPixel	32	static
epdpaint.c:147:9:Paint_CheckPixel	32	static
epdpaint.c:173:6:Paint_DrawCharAt	40	static
epdpaint.c:209:6:Paint_DrawStringAt	56	static
epdpaint.c:229:6:Paint_DrawLine	48	static
epdpaint.c:253:6:Paint_DrawHorizontalLine	32	static
epdpaint.c:263:6:Paint_DrawVerticalLine	32	static
epdpaint.c:273:6:Paint_DrawRectangle	56	static
epdpaint.c:289:6:Paint_DrawFilledRectangle	64	static
epdpaint.c:305:6:Paint_DrawCircle	40	static
epdpaint.c:333:6:Paint_DrawFilledCircle	56	static
epdpaint.c:360:6:Paint_ImageFromMemory	40	static
