core_cm0.h:856:34:__NVIC_SystemReset	8	static,ignoring_inline_asm
main.c:125:9:ascii_hex_to_dec	16	static
main.c:136:6:calc_sheep_id	56	static
main.c:177:6:HAL_UART_RxCpltCallback	16	static
main.c:203:6:HAL_GPIO_EXTI_Callback	16	static
main.c:221:9:number_to_string	40	static
main.c:247:6:Refresh_display	40	static
main.c:308:6:Set_Turn_Off_display	24	static
main.c:320:6:Turn_off_device	8	static
main.c:330:6:SD_Write	96	static
main.c:358:6:Turn_on_LED_buzzer	8	static
main.c:377:5:main	24	static
main.c:520:6:SystemClock_Config	96	static
main.c:567:13:MX_I2C1_Init	8	static
main.c:613:13:MX_IWDG_Init	8	static
main.c:642:13:MX_SPI1_Init	8	static
main.c:682:13:MX_SPI2_Init	8	static
main.c:722:13:MX_TIM17_Init	8	static
main.c:754:13:MX_USART1_UART_Init	8	static
main.c:789:13:MX_USART2_UART_Init	8	static
main.c:824:13:MX_USART5_UART_Init	8	static
main.c:859:13:MX_GPIO_Init	56	static
main.c:943:6:Error_Handler	8	static,ignoring_inline_asm
